<html>
<body>
<pre>
<h1>µVision Build Log</h1>
<h2>Tool Versions:</h2>
IDE-Version: µVision V5.24.2.0
Copyright (C) 2017 ARM Ltd and ARM Germany GmbH. All rights reserved.
License Information: Tristan Lennertz twlennertz@gmail.com, CU Boulder, LIC=----
 
Tool Versions:
Toolchain:       MDK-Lite  Version: 5.24.1
Toolchain Path:  C:\Keil_v5\ARM\ARMCC\Bin
C Compiler:      Armcc.exe V5.06 update 5 (build 528)
Assembler:       Armasm.exe V5.06 update 5 (build 528)
Linker/Locator:  ArmLink.exe V5.06 update 5 (build 528)
Library Manager: ArmAr.exe V5.06 update 5 (build 528)
Hex Converter:   FromElf.exe V5.06 update 5 (build 528)
CPU DLL:         
Dialog DLL:      DCM.DLL V1.16.0.0
Target DLL:      CMSIS_AGDI.dll V1.28.3.0
Dialog DLL:      TCM.DLL V1.32.0.0
 
<h2>Project:</h2>
C:\Users\twlen\Documents\MESA\Project1\ECEN-5803-P1\module3\serial_dbg.uvprojx
Project File Date:  02/20/2018

<h2>Output:</h2>
*** Using Compiler 'V5.06 update 5 (build 528)', folder: 'C:\Keil_v5\ARM\ARMCC\Bin'
Rebuild target 'serial_dbg'
compiling Monitor.cpp...
compiling main.cpp...
compiling timer0.cpp...
compiling UART_poll.cpp...
linking...
Program Size: Code=21652 RO-data=2280 RW-data=144 ZI-data=960  
".\BUILD\serial_dbg.axf" - 0 Error(s), 0 Warning(s).

<h2>Software Packages used:</h2>

Package Vendor: Keil
                http://www.keil.com/pack/Keil.Kinetis_KLxx_DFP.1.14.0.pack
                Keil.Kinetis_KLxx_DFP.1.14.0
                NXP Kinetis KLxx Series Device Support and Examples

<h2>Collection of Component include folders:</h2>
  .\RTE\_serial_dbg
  C:\Keil_v5\ARM\PACK\Keil\Kinetis_KLxx_DFP\1.14.0\Device\Include

<h2>Collection of Component Files used:</h2>
Build Time Elapsed:  00:00:03
</pre>
</body>
</html>
