Component: ARM Compiler 5.06 update 5 (build 528) Tool: armlink [4d35e2]

==============================================================================

Section Cross References

    mbed/TARGET_KL25Z/TOOLCHAIN_ARM_STD/analogin_api.o(i.analogin_init) refers to mbed/TARGET_KL25Z/TOOLCHAIN_ARM_STD/mbed.ar(mbed_pinmap_common.o)(i.pinmap_peripheral) for pinmap_peripheral
    mbed/TARGET_KL25Z/TOOLCHAIN_ARM_STD/analogin_api.o(i.analogin_init) refers to mbed/TARGET_KL25Z/TOOLCHAIN_ARM_STD/mbed.ar(mbed_assert.o)(i.mbed_assert_internal) for mbed_assert_internal
    mbed/TARGET_KL25Z/TOOLCHAIN_ARM_STD/analogin_api.o(i.analogin_init) refers to C:\Keil_v5\ARM\ARMCC\Bin\..\lib\armlib\c_p.l(aeabi_sdivfast.o)(.text) for __aeabi_uidivmod
    mbed/TARGET_KL25Z/TOOLCHAIN_ARM_STD/analogin_api.o(i.analogin_init) refers to mbed/TARGET_KL25Z/TOOLCHAIN_ARM_STD/mbed.ar(mbed_pinmap_common.o)(i.pinmap_pinout) for pinmap_pinout
    mbed/TARGET_KL25Z/TOOLCHAIN_ARM_STD/analogin_api.o(i.analogin_init) refers to mbed/TARGET_KL25Z/TOOLCHAIN_ARM_STD/PeripheralPins.o(.constdata) for PinMap_ADC
    mbed/TARGET_KL25Z/TOOLCHAIN_ARM_STD/analogin_api.o(i.analogin_init) refers to mbed/TARGET_KL25Z/TOOLCHAIN_ARM_STD/analogin_api.o(.conststring) for .conststring
    mbed/TARGET_KL25Z/TOOLCHAIN_ARM_STD/analogin_api.o(i.analogin_init) refers to mbed/TARGET_KL25Z/TOOLCHAIN_ARM_STD/system_MKL25Z4.o(.data) for SystemCoreClock
    mbed/TARGET_KL25Z/TOOLCHAIN_ARM_STD/analogin_api.o(i.analogin_read) refers to C:\Keil_v5\ARM\ARMCC\Bin\..\lib\armlib\fz_ps.l(fflti.o)(.text) for __aeabi_ui2f
    mbed/TARGET_KL25Z/TOOLCHAIN_ARM_STD/analogin_api.o(i.analogin_read) refers to C:\Keil_v5\ARM\ARMCC\Bin\..\lib\armlib\fz_ps.l(fmul.o)(x$fpl$fmul) for __aeabi_fmul
    mbed/TARGET_KL25Z/TOOLCHAIN_ARM_STD/analogout_api.o(i.analogout_init) refers to mbed/TARGET_KL25Z/TOOLCHAIN_ARM_STD/mbed.ar(mbed_pinmap_common.o)(i.pinmap_peripheral) for pinmap_peripheral
    mbed/TARGET_KL25Z/TOOLCHAIN_ARM_STD/analogout_api.o(i.analogout_init) refers to mbed/TARGET_KL25Z/TOOLCHAIN_ARM_STD/mbed.ar(mbed_assert.o)(i.mbed_assert_internal) for mbed_assert_internal
    mbed/TARGET_KL25Z/TOOLCHAIN_ARM_STD/analogout_api.o(i.analogout_init) refers to mbed/TARGET_KL25Z/TOOLCHAIN_ARM_STD/mbed.ar(mbed_pinmap_common.o)(i.pinmap_pinout) for pinmap_pinout
    mbed/TARGET_KL25Z/TOOLCHAIN_ARM_STD/analogout_api.o(i.analogout_init) refers to mbed/TARGET_KL25Z/TOOLCHAIN_ARM_STD/PeripheralPins.o(.constdata) for PinMap_DAC
    mbed/TARGET_KL25Z/TOOLCHAIN_ARM_STD/analogout_api.o(i.analogout_init) refers to mbed/TARGET_KL25Z/TOOLCHAIN_ARM_STD/analogout_api.o(.conststring) for .conststring
    mbed/TARGET_KL25Z/TOOLCHAIN_ARM_STD/analogout_api.o(i.analogout_read) refers to C:\Keil_v5\ARM\ARMCC\Bin\..\lib\armlib\fz_ps.l(fflti.o)(.text) for __aeabi_ui2f
    mbed/TARGET_KL25Z/TOOLCHAIN_ARM_STD/analogout_api.o(i.analogout_read) refers to C:\Keil_v5\ARM\ARMCC\Bin\..\lib\armlib\fz_ps.l(fmul.o)(x$fpl$fmul) for __aeabi_fmul
    mbed/TARGET_KL25Z/TOOLCHAIN_ARM_STD/analogout_api.o(i.analogout_write) refers to C:\Keil_v5\ARM\ARMCC\Bin\..\lib\armlib\fz_ps.l(fmul.o)(x$fpl$fmul) for __aeabi_fmul
    mbed/TARGET_KL25Z/TOOLCHAIN_ARM_STD/analogout_api.o(i.analogout_write) refers to C:\Keil_v5\ARM\ARMCC\Bin\..\lib\armlib\fz_ps.l(ffixi.o)(.text) for __aeabi_f2iz
    mbed/TARGET_KL25Z/TOOLCHAIN_ARM_STD/gpio_api.o(i.gpio_dir) refers to mbed/TARGET_KL25Z/TOOLCHAIN_ARM_STD/mbed.ar(mbed_assert.o)(i.mbed_assert_internal) for mbed_assert_internal
    mbed/TARGET_KL25Z/TOOLCHAIN_ARM_STD/gpio_api.o(i.gpio_dir) refers to mbed/TARGET_KL25Z/TOOLCHAIN_ARM_STD/gpio_api.o(.conststring) for .conststring
    mbed/TARGET_KL25Z/TOOLCHAIN_ARM_STD/gpio_api.o(i.gpio_init) refers to mbed/TARGET_KL25Z/TOOLCHAIN_ARM_STD/pinmap.o(i.pin_function) for pin_function
    mbed/TARGET_KL25Z/TOOLCHAIN_ARM_STD/gpio_api.o(i.gpio_mode) refers to mbed/TARGET_KL25Z/TOOLCHAIN_ARM_STD/pinmap.o(i.pin_mode) for pin_mode
    mbed/TARGET_KL25Z/TOOLCHAIN_ARM_STD/gpio_api.o(i.gpio_set) refers to mbed/TARGET_KL25Z/TOOLCHAIN_ARM_STD/mbed.ar(mbed_assert.o)(i.mbed_assert_internal) for mbed_assert_internal
    mbed/TARGET_KL25Z/TOOLCHAIN_ARM_STD/gpio_api.o(i.gpio_set) refers to mbed/TARGET_KL25Z/TOOLCHAIN_ARM_STD/pinmap.o(i.pin_function) for pin_function
    mbed/TARGET_KL25Z/TOOLCHAIN_ARM_STD/gpio_api.o(i.gpio_set) refers to mbed/TARGET_KL25Z/TOOLCHAIN_ARM_STD/gpio_api.o(.conststring) for .conststring
    mbed/TARGET_KL25Z/TOOLCHAIN_ARM_STD/gpio_irq_api.o(i.gpio_irqA) refers to mbed/TARGET_KL25Z/TOOLCHAIN_ARM_STD/gpio_irq_api.o(i.handle_interrupt_in) for handle_interrupt_in
    mbed/TARGET_KL25Z/TOOLCHAIN_ARM_STD/gpio_irq_api.o(i.gpio_irqD) refers to mbed/TARGET_KL25Z/TOOLCHAIN_ARM_STD/gpio_irq_api.o(i.handle_interrupt_in) for handle_interrupt_in
    mbed/TARGET_KL25Z/TOOLCHAIN_ARM_STD/gpio_irq_api.o(i.gpio_irq_free) refers to mbed/TARGET_KL25Z/TOOLCHAIN_ARM_STD/gpio_irq_api.o(.bss) for .bss
[...]
    fputc                                    0x00003c1d   Thumb Code    30  C:\Keil_v5\ARM\ARMCC\Bin\..\lib\armlib\c_p.l(fputc.o)(i.fputc)
    get_us_ticker_data                       0x00003c3d   Thumb Code     4  mbed/TARGET_KL25Z/TOOLCHAIN_ARM_STD/mbed.ar(mbed_us_ticker_api.o)(i.get_us_ticker_data)
    gpio_dir                                 0x00003c45   Thumb Code    54  mbed/TARGET_KL25Z/TOOLCHAIN_ARM_STD/gpio_api.o(i.gpio_dir)
    gpio_init                                0x00003c99   Thumb Code    56  mbed/TARGET_KL25Z/TOOLCHAIN_ARM_STD/gpio_api.o(i.gpio_init)
    gpio_init_in                             0x00003cd5   Thumb Code    34  mbed/TARGET_KL25Z/TOOLCHAIN_ARM_STD/mbed.ar(mbed_gpio.o)(i.gpio_init_in)
    gpio_init_out                            0x00003cf9   Thumb Code    56  mbed/TARGET_KL25Z/TOOLCHAIN_ARM_STD/mbed.ar(mbed_gpio.o)(i.gpio_init_out)
    gpio_init_out_ex                         0x00003d39   Thumb Code    66  mbed/TARGET_KL25Z/TOOLCHAIN_ARM_STD/mbed.ar(mbed_gpio.o)(i.gpio_init_out_ex)
    gpio_mode                                0x00003d99   Thumb Code    14  mbed/TARGET_KL25Z/TOOLCHAIN_ARM_STD/gpio_api.o(i.gpio_mode)
    $Super$$main                             0x00003ee1   Thumb Code   178  .\build\main.o(i.main)
    mbed_assert_internal                     0x00004035   Thumb Code    30  mbed/TARGET_KL25Z/TOOLCHAIN_ARM_STD/mbed.ar(mbed_assert.o)(i.mbed_assert_internal)
    mbed_die                                 0x00004089   Thumb Code   164  mbed/TARGET_KL25Z/TOOLCHAIN_ARM_STD/mbed_board.o(i.mbed_die)
    mbed_error_printf                        0x0000414d   Thumb Code    80  mbed/TARGET_KL25Z/TOOLCHAIN_ARM_STD/mbed_board.o(i.mbed_error_printf)
    mbed_error_vfprintf                      0x000041a5   Thumb Code    72  mbed/TARGET_KL25Z/TOOLCHAIN_ARM_STD/mbed_board.o(i.mbed_error_vfprintf)
    mbed_interface_connected                 0x000041f5   Thumb Code     8  mbed/TARGET_KL25Z/TOOLCHAIN_ARM_STD/mbed.ar(mbed_interface.o)(i.mbed_interface_connected)
    mbed_main                                0x000041fd   Thumb Code     2  mbed/TARGET_KL25Z/TOOLCHAIN_ARM_STD/mbed_sdk_boot.o(i.mbed_main)
    mbed_sdk_init                            0x000041ff   Thumb Code     2  mbed/TARGET_KL25Z/TOOLCHAIN_ARM_STD/mbed_sdk_boot.o(i.mbed_sdk_init)
    monitor                                  0x00004201   Thumb Code   138  .\build\monitor.o(i.monitor)
    pin_function                             0x000042d5   Thumb Code    68  mbed/TARGET_KL25Z/TOOLCHAIN_ARM_STD/pinmap.o(i.pin_function)
    pin_mode                                 0x00004339   Thumb Code    36  mbed/TARGET_KL25Z/TOOLCHAIN_ARM_STD/pinmap.o(i.pin_mode)
    pinmap_merge                             0x00004379   Thumb Code    30  mbed/TARGET_KL25Z/TOOLCHAIN_ARM_STD/mbed.ar(mbed_pinmap_common.o)(i.pinmap_merge)
    pinmap_peripheral                        0x000043ad   Thumb Code    60  mbed/TARGET_KL25Z/TOOLCHAIN_ARM_STD/mbed.ar(mbed_pinmap_common.o)(i.pinmap_peripheral)
    pinmap_pinout                            0x00004409   Thumb Code    62  mbed/TARGET_KL25Z/TOOLCHAIN_ARM_STD/mbed.ar(mbed_pinmap_common.o)(i.pinmap_pinout)
    semihost_connected                       0x0000453d   Thumb Code     6  mbed/TARGET_KL25Z/TOOLCHAIN_ARM_STD/mbed.ar(mbed_semihost_api.o)(i.semihost_connected)
    semihost_exit                            0x00004549   Thumb Code    12  mbed/TARGET_KL25Z/TOOLCHAIN_ARM_STD/mbed.ar(mbed_semihost_api.o)(i.semihost_exit)
    serial                                   0x00004555   Thumb Code   232  .\build\uart_poll.o(i.serial)
    serial_baud                              0x00004665   Thumb Code   352  mbed/TARGET_KL25Z/TOOLCHAIN_ARM_STD/serial_api.o(i.serial_baud)
    serial_format                            0x000047e5   Thumb Code   148  mbed/TARGET_KL25Z/TOOLCHAIN_ARM_STD/serial_api.o(i.serial_format)
    serial_init                              0x000048b9   Thumb Code   332  mbed/TARGET_KL25Z/TOOLCHAIN_ARM_STD/serial_api.o(i.serial_init)
    serial_irq_handler                       0x00004a45   Thumb Code    14  mbed/TARGET_KL25Z/TOOLCHAIN_ARM_STD/serial_api.o(i.serial_irq_handler)
    serial_irq_set                           0x00004a5d   Thumb Code   184  mbed/TARGET_KL25Z/TOOLCHAIN_ARM_STD/serial_api.o(i.serial_irq_set)
    serial_putc                              0x00004b31   Thumb Code    36  mbed/TARGET_KL25Z/TOOLCHAIN_ARM_STD/serial_api.o(i.serial_putc)
    set_display_mode                         0x00004b55   Thumb Code    40  .\build\monitor.o(i.set_display_mode)
    sleep_manager_lock_deep_sleep            0x00004bed   Thumb Code    40  mbed/TARGET_KL25Z/TOOLCHAIN_ARM_STD/mbed.ar(mbed_sleep_manager.o)(i.sleep_manager_lock_deep_sleep)
    sleep_manager_unlock_deep_sleep          0x00004c4d   Thumb Code    38  mbed/TARGET_KL25Z/TOOLCHAIN_ARM_STD/mbed.ar(mbed_sleep_manager.o)(i.sleep_manager_unlock_deep_sleep)
    ticker_insert_event_us                   0x00004ca1   Thumb Code    92  mbed/TARGET_KL25Z/TOOLCHAIN_ARM_STD/mbed.ar(mbed_ticker_api.o)(i.ticker_insert_event_us)
    ticker_irq_handler                       0x00004cfd   Thumb Code    68  mbed/TARGET_KL25Z/TOOLCHAIN_ARM_STD/mbed.ar(mbed_ticker_api.o)(i.ticker_irq_handler)
    ticker_read                              0x00004d41   Thumb Code    20  mbed/TARGET_KL25Z/TOOLCHAIN_ARM_STD/mbed.ar(mbed_ticker_api.o)(i.ticker_read)
    ticker_read_us                           0x00004d55   Thumb Code    22  mbed/TARGET_KL25Z/TOOLCHAIN_ARM_STD/mbed.ar(mbed_ticker_api.o)(i.ticker_read_us)
    ticker_remove_event                      0x00004d6b   Thumb Code    56  mbed/TARGET_KL25Z/TOOLCHAIN_ARM_STD/mbed.ar(mbed_ticker_api.o)(i.ticker_remove_event)
    ticker_set_handler                       0x00004da3   Thumb Code    16  mbed/TARGET_KL25Z/TOOLCHAIN_ARM_STD/mbed.ar(mbed_ticker_api.o)(i.ticker_set_handler)
    timer0                                   0x00004db5   Thumb Code   304  .\build\timer0.o(i.timer0)
    uart0_irq                                0x00004f21   Thumb Code    54  mbed/TARGET_KL25Z/TOOLCHAIN_ARM_STD/serial_api.o(i.uart0_irq)
    uart1_irq                                0x00004f65   Thumb Code    40  mbed/TARGET_KL25Z/TOOLCHAIN_ARM_STD/serial_api.o(i.uart1_irq)
    uart2_irq                                0x00004f99   Thumb Code    40  mbed/TARGET_KL25Z/TOOLCHAIN_ARM_STD/serial_api.o(i.uart2_irq)
    us_ticker_clear_interrupt                0x000050c5   Thumb Code     2  mbed/TARGET_KL25Z/TOOLCHAIN_ARM_STD/us_ticker.o(i.us_ticker_clear_interrupt)
    us_ticker_disable_interrupt              0x000050c9   Thumb Code    12  mbed/TARGET_KL25Z/TOOLCHAIN_ARM_STD/us_ticker.o(i.us_ticker_disable_interrupt)
    us_ticker_fire_interrupt                 0x000050d9   Thumb Code    10  mbed/TARGET_KL25Z/TOOLCHAIN_ARM_STD/us_ticker.o(i.us_ticker_fire_interrupt)
    us_ticker_get_info                       0x000050e9   Thumb Code     4  mbed/TARGET_KL25Z/TOOLCHAIN_ARM_STD/mbed_retarget.o(i.us_ticker_get_info)
    us_ticker_init                           0x000050f1   Thumb Code   392  mbed/TARGET_KL25Z/TOOLCHAIN_ARM_STD/us_ticker.o(i.us_ticker_init)
    us_ticker_irq_handler                    0x000052b5   Thumb Code    14  mbed/TARGET_KL25Z/TOOLCHAIN_ARM_STD/mbed.ar(mbed_us_ticker_api.o)(i.us_ticker_irq_handler)
    us_ticker_read                           0x000052cd   Thumb Code    22  mbed/TARGET_KL25Z/TOOLCHAIN_ARM_STD/us_ticker.o(i.us_ticker_read)
    us_ticker_set_interrupt                  0x000052ed   Thumb Code    88  mbed/TARGET_KL25Z/TOOLCHAIN_ARM_STD/us_ticker.o(i.us_ticker_set_interrupt)
    wait_ms                                  0x00005355   Thumb Code    36  mbed/TARGET_KL25Z/TOOLCHAIN_ARM_STD/mbed.ar(mbed_wait_api_no_rtos.o)(i.wait_ms)
    _get_lc_numeric                          0x00005379   Thumb Code    44  C:\Keil_v5\ARM\ARMCC\Bin\..\lib\armlib\c_p.l(lc_numeric_c.o)(locale$$code)
    _get_lc_ctype                            0x000053a5   Thumb Code    44  C:\Keil_v5\ARM\ARMCC\Bin\..\lib\armlib\c_p.l(lc_ctype_c.o)(locale$$code)
    SingletonPtr<PlatformMutex>::operator ->() 0x000053d1   Thumb Code    36  mbed/TARGET_KL25Z/TOOLCHAIN_ARM_STD/mbed.ar(FileBase.o)(t._ZN12SingletonPtrI13PlatformMutexEptEv)
    void mbed::Callback<void()>::function_call<void(*)()>(const void*) 0x000053fd   Thumb Code    10  .\build\main.o(t._ZN4mbed8CallbackIFvvEE13function_callIPS1_EEvPKv)
    void mbed::Callback<void()>::function_dtor<void(*)()>(void*) 0x00005407   Thumb Code     2  .\build\main.o(t._ZN4mbed8CallbackIFvvEE13function_dtorIPS1_EEvPv)
    void mbed::Callback<void()>::function_move<void(*)()>(void*, const void*) 0x00005409   Thumb Code    14  .\build\main.o(t._ZN4mbed8CallbackIFvvEE13function_moveIPS1_EEvPvPKv)
    mbed::Callback<void()>::Callback(void(*)()) 0x00005419   Thumb Code    50  .\build\main.o(t._ZN4mbed8CallbackIFvvEEC1EPS1_)
    mbed::Callback<void()>::Callback__sub_object(void(*)()) 0x00005419   Thumb Code     0  .\build\main.o(t._ZN4mbed8CallbackIFvvEEC1EPS1_)
    mbed::Callback<void()>::Callback(const mbed::Callback<void()>&) 0x00005451   Thumb Code    30  .\build\main.o(t._ZN4mbed8CallbackIFvvEEC1ERKS2_)
    mbed::Callback<void()>::Callback__sub_object(const mbed::Callback<void()>&) 0x00005451   Thumb Code     0  .\build\main.o(t._ZN4mbed8CallbackIFvvEEC1ERKS2_)
    mbed::Callback<void()>::~Callback()      0x0000546f   Thumb Code    20  mbed/TARGET_KL25Z/TOOLCHAIN_ARM_STD/mbed.ar(SerialBase.o)(t._ZN4mbed8CallbackIFvvEED1Ev)
    mbed::Callback<void()>::~Callback__sub_object() 0x0000546f   Thumb Code     0  mbed/TARGET_KL25Z/TOOLCHAIN_ARM_STD/mbed.ar(SerialBase.o)(t._ZN4mbed8CallbackIFvvEED1Ev)
    __aeabi_fmul                             0x00005485   Thumb Code     0  C:\Keil_v5\ARM\ARMCC\Bin\..\lib\armlib\fz_ps.l(fmul.o)(x$fpl$fmul)
    _fmul                                    0x00005485   Thumb Code   172  C:\Keil_v5\ARM\ARMCC\Bin\..\lib\armlib\fz_ps.l(fmul.o)(x$fpl$fmul)
    _printf_fp_dec                           0x00005535   Thumb Code    16  C:\Keil_v5\ARM\ARMCC\Bin\..\lib\armlib\fz_ps.l(printf1.o)(x$fpl$printf1)
    _printf_fp_hex                           0x00005545   Thumb Code    16  C:\Keil_v5\ARM\ARMCC\Bin\..\lib\armlib\fz_ps.l(printf2.o)(x$fpl$printf2)
    __I$use$fp                               0x00005554   Number         0  C:\Keil_v5\ARM\ARMCC\Bin\..\lib\armlib\fz_ps.l(usenofp.o)(x$fpl$usenofp)
    __stdin_name                             0x00005554   Data           7  mbed/TARGET_KL25Z/TOOLCHAIN_ARM_STD/mbed_retarget.o(.constdata)
    __stdout_name                            0x0000555b   Data           8  mbed/TARGET_KL25Z/TOOLCHAIN_ARM_STD/mbed_retarget.o(.constdata)
    __stderr_name                            0x00005563   Data           8  mbed/TARGET_KL25Z/TOOLCHAIN_ARM_STD/mbed_retarget.o(.constdata)
    PinMap_UART_TX                           0x0000557c   Data         108  mbed/TARGET_KL25Z/TOOLCHAIN_ARM_STD/PeripheralPins.o(.constdata)
    PinMap_UART_RX                           0x000055e8   Data         108  mbed/TARGET_KL25Z/TOOLCHAIN_ARM_STD/PeripheralPins.o(.constdata)
    vtable for mbed::FileHandle              0x00005774   Data          76  mbed/TARGET_KL25Z/TOOLCHAIN_ARM_STD/mbed.ar(FileHandle.o)(.constdata__ZTVN4mbed10FileHandleE)
    vtable for mbed::SerialBase              0x000057c0   Data          24  mbed/TARGET_KL25Z/TOOLCHAIN_ARM_STD/mbed.ar(SerialBase.o)(.constdata__ZTVN4mbed10SerialBaseE)
    vtable for mbed::TimerEvent              0x000057d8   Data          20  mbed/TARGET_KL25Z/TOOLCHAIN_ARM_STD/mbed.ar(TimerEvent.o)(.constdata__ZTVN4mbed10TimerEventE)
    vtable for mbed::Serial                  0x000057ec   Data         140  mbed/TARGET_KL25Z/TOOLCHAIN_ARM_STD/mbed.ar(Serial.o)(.constdata__ZTVN4mbed6SerialE)
    vtable for mbed::Stream                  0x00005878   Data         108  mbed/TARGET_KL25Z/TOOLCHAIN_ARM_STD/mbed.ar(Stream.o)(.constdata__ZTVN4mbed6StreamE)
    vtable for mbed::Ticker                  0x000058e4   Data          20  mbed/TARGET_KL25Z/TOOLCHAIN_ARM_STD/mbed.ar(Ticker.o)(.constdata__ZTVN4mbed6TickerE)
    vtable for mbed::FileBase                0x000058f8   Data          16  mbed/TARGET_KL25Z/TOOLCHAIN_ARM_STD/mbed.ar(FileBase.o)(.constdata__ZTVN4mbed8FileBaseE)
    SingletonPtr<PlatformMutex>::get()::string 0x00005908   Data          20  mbed/TARGET_KL25Z/TOOLCHAIN_ARM_STD/mbed_retarget.o(.constdata__ZZN12SingletonPtrI13PlatformMutexE3getEvEs)
    SingletonPtr<PlatformMutex>::get()::string (instance 2) 0x0000591c   Data          89  mbed/TARGET_KL25Z/TOOLCHAIN_ARM_STD/mbed_retarget.o(.constdata__ZZN12SingletonPtrI13PlatformMutexE3getEvEs_0)
    void mbed::Callback<void()>::generate<void(*)()>(const T1&)::ops 0x00005978   Data          12  .\build\main.o(.constdata__ZZN4mbed8CallbackIFvvEE8generateIPS1_EEvRKT_E3ops)
    Region$$Table$$Base                      0x00005c2c   Number         0  anon$$obj.o(Region$$Table)
    Region$$Table$$Limit                     0x00005c4c   Number         0  anon$$obj.o(Region$$Table)
    __ctype                                  0x00005c75   Data           0  C:\Keil_v5\ARM\ARMCC\Bin\..\lib\armlib\c_p.l(lc_ctype_c.o)(locale$$data)
    SHT$$INIT_ARRAY$$Base                    0x00005d78   Number         0  .\build\main.o(.init_array)
    SHT$$INIT_ARRAY$$Limit                   0x00005d7c   Number         0  C:\Keil_v5\ARM\ARMCC\Bin\..\lib\armlib\c_p.l(init_aeabi.o)(.init_array)
    stdio_uart_inited                        0x1ffff0d0   Data           4  mbed/TARGET_KL25Z/TOOLCHAIN_ARM_STD/serial_api.o(.data)
    stdio_uart                               0x1ffff0d8   Data           8  mbed/TARGET_KL25Z/TOOLCHAIN_ARM_STD/serial_api.o(.data)
    SystemCoreClock                          0x1ffff0e0   Data           4  mbed/TARGET_KL25Z/TOOLCHAIN_ARM_STD/system_MKL25Z4.o(.data)
    display_mode                             0x1ffff0f0   Data           1  .\build\main.o(.data)
    serial_flag                              0x1ffff0f1   Data           1  .\build\main.o(.data)
    tx_in_progress                           0x1ffff0f2   Data           1  .\build\main.o(.data)
    rx_in_ptr                                0x1ffff0f4   Data           4  .\build\main.o(.data)
    rx_out_ptr                               0x1ffff0f8   Data           4  .\build\main.o(.data)
    tx_in_ptr                                0x1ffff0fc   Data           4  .\build\main.o(.data)
    tx_out_ptr                               0x1ffff100   Data           4  .\build\main.o(.data)
    msg_buf_idx                              0x1ffff104   Data           1  .\build\main.o(.data)
    swtimer0                                 0x1ffff108   Data           1  .\build\timer0.o(.data)
    swtimer1                                 0x1ffff109   Data           1  .\build\timer0.o(.data)
    swtimer2                                 0x1ffff10a   Data           1  .\build\timer0.o(.data)
    swtimer3                                 0x1ffff10b   Data           1  .\build\timer0.o(.data)
    swtimer4                                 0x1ffff10c   Data           1  .\build\timer0.o(.data)
    swtimer5                                 0x1ffff10d   Data           1  .\build\timer0.o(.data)
    swtimer6                                 0x1ffff10e   Data           1  .\build\timer0.o(.data)
    swtimer7                                 0x1ffff10f   Data           1  .\build\timer0.o(.data)
    SwTimerIsrCounter                        0x1ffff110   Data           2  .\build\timer0.o(.data)
    display_timer                            0x1ffff112   Data           1  .\build\timer0.o(.data)
    display_flag                             0x1ffff113   Data           1  .\build\timer0.o(.data)
    error_count                              0x1ffff11c   Data           1  .\build\uart_poll.o(.data)
    mbed::FileBase::_head                    0x1ffff134   Data           4  mbed/TARGET_KL25Z/TOOLCHAIN_ARM_STD/mbed.ar(FileBase.o)(.data)
    mbed::FileBase::_mutex                   0x1ffff138   Data           8  mbed/TARGET_KL25Z/TOOLCHAIN_ARM_STD/mbed.ar(FileBase.o)(.data)
    __aeabi_stdin                            0x1ffff140   Data           4  C:\Keil_v5\ARM\ARMCC\Bin\..\lib\armlib\c_p.l(stdio_streams.o)(.data)
    __aeabi_stdout                           0x1ffff144   Data           4  C:\Keil_v5\ARM\ARMCC\Bin\..\lib\armlib\c_p.l(stdio_streams.o)(.data)
    __aeabi_stderr                           0x1ffff148   Data           4  C:\Keil_v5\ARM\ARMCC\Bin\..\lib\armlib\c_p.l(stdio_streams.o)(.data)
    rx_buf                                   0x1ffff2a0   Data          10  .\build\main.o(.bss)
    tx_buf                                   0x1ffff2aa   Data          40  .\build\main.o(.bss)
    msg_buf                                  0x1ffff2d2   Data          10  .\build\main.o(.bss)
    tick                                     0x1ffff2e0   Data          64  .\build\main.o(.bss)
    greenLED                                 0x1ffff320   Data          24  .\build\main.o(.bss)
    redLED                                   0x1ffff338   Data          24  .\build\main.o(.bss)
    blueLED                                  0x1ffff350   Data          24  .\build\main.o(.bss)
    pc                                       0x1ffff368   Data          76  .\build\main.o(.bss)
    __stdin                                  0x1ffff3fc   Data          84  C:\Keil_v5\ARM\ARMCC\Bin\..\lib\armlib\c_p.l(stdio_streams.o)(.bss)
    __stdout                                 0x1ffff450   Data          84  C:\Keil_v5\ARM\ARMCC\Bin\..\lib\armlib\c_p.l(stdio_streams.o)(.bss)
    __stderr                                 0x1ffff4a4   Data          84  C:\Keil_v5\ARM\ARMCC\Bin\..\lib\armlib\c_p.l(stdio_streams.o)(.bss)
    Image$$RW_IRAM1$$ZI$$Limit               0x1ffff510   Number         0  anon$$obj.o ABSOLUTE



==============================================================================

Memory Map of the image

  Image Entry point : 0x000000c1

  Load Region LR_IROM1 (Base: 0x00000000, Size: 0x00005e0c, Max: 0x00020000, ABSOLUTE)

    Execution Region ER_IROM1 (Exec base: 0x00000000, Load base: 0x00000000, Size: 0x00005d7c, Max: 0x00020000, ABSOLUTE)

    Exec Addr    Load Addr    Size         Type   Attr      Idx    E Section Name        Object

    0x00000000   0x00000000   0x000000c0   Data   RO          439    RESET               mbed/TARGET_KL25Z/TOOLCHAIN_ARM_STD/startup_MKL25Z4.o
    0x000000c0   0x000000c0   0x00000008   Code   RO         2071  * !!!main             C:\Keil_v5\ARM\ARMCC\Bin\..\lib\armlib\c_p.l(__main.o)
    0x000000c8   0x000000c8   0x0000003c   Code   RO         2783    !!!scatter          C:\Keil_v5\ARM\ARMCC\Bin\..\lib\armlib\c_p.l(__scatter.o)
    0x00000104   0x00000104   0x0000001a   Code   RO         2785    !!handler_copy      C:\Keil_v5\ARM\ARMCC\Bin\..\lib\armlib\c_p.l(__scatter_copy.o)
    0x0000011e   0x0000011e   0x00000002   PAD
    0x00000120   0x00000120   0x0000001c   Code   RO         2787    !!handler_zi        C:\Keil_v5\ARM\ARMCC\Bin\..\lib\armlib\c_p.l(__scatter_zi.o)
    0x0000013c   0x0000013c   0x00000002   Code   RO         2337    .ARM.Collect$$_printf_percent$$00000000  C:\Keil_v5\ARM\ARMCC\Bin\..\lib\armlib\c_p.l(_printf_percent.o)
    0x0000013e   0x0000013e   0x0000000a   Code   RO         2326    .ARM.Collect$$_printf_percent$$00000001  C:\Keil_v5\ARM\ARMCC\Bin\..\lib\armlib\c_p.l(_printf_n.o)
    0x00000148   0x00000148   0x0000000a   Code   RO         2328    .ARM.Collect$$_printf_percent$$00000002  C:\Keil_v5\ARM\ARMCC\Bin\..\lib\armlib\c_p.l(_printf_p.o)
    0x00000152   0x00000152   0x0000000a   Code   RO         2333    .ARM.Collect$$_printf_percent$$00000003  C:\Keil_v5\ARM\ARMCC\Bin\..\lib\armlib\c_p.l(_printf_f.o)
    0x0000015c   0x0000015c   0x0000000a   Code   RO         2334    .ARM.Collect$$_printf_percent$$00000004  C:\Keil_v5\ARM\ARMCC\Bin\..\lib\armlib\c_p.l(_printf_e.o)
    0x00000166   0x00000166   0x0000000a   Code   RO         2335    .ARM.Collect$$_printf_percent$$00000005  C:\Keil_v5\ARM\ARMCC\Bin\..\lib\armlib\c_p.l(_printf_g.o)
    0x00000170   0x00000170   0x0000000a   Code   RO         2336    .ARM.Collect$$_printf_percent$$00000006  C:\Keil_v5\ARM\ARMCC\Bin\..\lib\armlib\c_p.l(_printf_a.o)
    0x0000017a   0x0000017a   0x0000000a   Code   RO         2341    .ARM.Collect$$_printf_percent$$00000007  C:\Keil_v5\ARM\ARMCC\Bin\..\lib\armlib\c_p.l(_printf_ll.o)
    0x00000184   0x00000184   0x0000000a   Code   RO         2330    .ARM.Collect$$_printf_percent$$00000008  C:\Keil_v5\ARM\ARMCC\Bin\..\lib\armlib\c_p.l(_printf_i.o)
    0x0000018e   0x0000018e   0x0000000a   Code   RO         2331    .ARM.Collect$$_printf_percent$$00000009  C:\Keil_v5\ARM\ARMCC\Bin\..\lib\armlib\c_p.l(_printf_d.o)
    0x00000198   0x00000198   0x0000000a   Code   RO         2332    .ARM.Collect$$_printf_percent$$0000000A  C:\Keil_v5\ARM\ARMCC\Bin\..\lib\armlib\c_p.l(_printf_u.o)
    0x000001a2   0x000001a2   0x0000000a   Code   RO         2329    .ARM.Collect$$_printf_percent$$0000000B  C:\Keil_v5\ARM\ARMCC\Bin\..\lib\armlib\c_p.l(_printf_o.o)
    0x000001ac   0x000001ac   0x0000000a   Code   RO         2327    .ARM.Collect$$_printf_percent$$0000000C  C:\Keil_v5\ARM\ARMCC\Bin\..\lib\armlib\c_p.l(_printf_x.o)
    0x000001b6   0x000001b6   0x0000000a   Code   RO         2338    .ARM.Collect$$_printf_percent$$0000000D  C:\Keil_v5\ARM\ARMCC\Bin\..\lib\armlib\c_p.l(_printf_lli.o)
    0x000001c0   0x000001c0   0x0000000a   Code   RO         2339    .ARM.Collect$$_printf_percent$$0000000E  C:\Keil_v5\ARM\ARMCC\Bin\..\lib\armlib\c_p.l(_printf_lld.o)
    0x000001ca   0x000001ca   0x0000000a   Code   RO         2340    .ARM.Collect$$_printf_percent$$0000000F  C:\Keil_v5\ARM\ARMCC\Bin\..\lib\armlib\c_p.l(_printf_llu.o)
    0x000001d4   0x000001d4   0x0000000a   Code   RO         2345    .ARM.Collect$$_printf_percent$$00000010  C:\Keil_v5\ARM\ARMCC\Bin\..\lib\armlib\c_p.l(_printf_llo.o)
    0x000001de   0x000001de   0x0000000a   Code   RO         2346    .ARM.Collect$$_printf_percent$$00000011  C:\Keil_v5\ARM\ARMCC\Bin\..\lib\armlib\c_p.l(_printf_llx.o)
    0x000001e8   0x000001e8   0x0000000a   Code   RO         2342    .ARM.Collect$$_printf_percent$$00000012  C:\Keil_v5\ARM\ARMCC\Bin\..\lib\armlib\c_p.l(_printf_l.o)
    0x000001f2   0x000001f2   0x0000000a   Code   RO         2324    .ARM.Collect$$_printf_percent$$00000013  C:\Keil_v5\ARM\ARMCC\Bin\..\lib\armlib\c_p.l(_printf_c.o)
    0x000001fc   0x000001fc   0x0000000a   Code   RO         2325    .ARM.Collect$$_printf_percent$$00000014  C:\Keil_v5\ARM\ARMCC\Bin\..\lib\armlib\c_p.l(_printf_s.o)
    0x00000206   0x00000206   0x0000000a   Code   RO         2343    .ARM.Collect$$_printf_percent$$00000015  C:\Keil_v5\ARM\ARMCC\Bin\..\lib\armlib\c_p.l(_printf_lc.o)
    0x00000210   0x00000210   0x0000000a   Code   RO         2344    .ARM.Collect$$_printf_percent$$00000016  C:\Keil_v5\ARM\ARMCC\Bin\..\lib\armlib\c_p.l(_printf_ls.o)
    0x0000021a   0x0000021a   0x00000004   Code   RO         2514    .ARM.Collect$$_printf_percent$$00000017  C:\Keil_v5\ARM\ARMCC\Bin\..\lib\armlib\c_p.l(_printf_percent_end.o)
    0x0000021e   0x0000021e   0x00000002   Code   RO         2661    .ARM.Collect$$libinit$$00000000  C:\Keil_v5\ARM\ARMCC\Bin\..\lib\armlib\c_p.l(libinit.o)
    0x00000220   0x00000220   0x00000000   Code   RO         2393    .ARM.Collect$$libinit$$00000002  C:\Keil_v5\ARM\ARMCC\Bin\..\lib\armlib\c_p.l(libinit2.o)
    0x00000220   0x00000220   0x00000000   Code   RO         2395    .ARM.Collect$$libinit$$00000004  C:\Keil_v5\ARM\ARMCC\Bin\..\lib\armlib\c_p.l(libinit2.o)
    0x00000220   0x00000220   0x00000008   Code   RO         2396    .ARM.Collect$$libinit$$00000005  C:\Keil_v5\ARM\ARMCC\Bin\..\lib\armlib\c_p.l(libinit2.o)
    0x00000228   0x00000228   0x00000000   Code   RO         2398    .ARM.Collect$$libinit$$0000000A  C:\Keil_v5\ARM\ARMCC\Bin\..\lib\armlib\c_p.l(libinit2.o)
    0x00000228   0x00000228   0x00000000   Code   RO         2400    .ARM.Collect$$libinit$$0000000C  C:\Keil_v5\ARM\ARMCC\Bin\..\lib\armlib\c_p.l(libinit2.o)
    0x00000228   0x00000228   0x00000000   Code   RO         2402    .ARM.Collect$$libinit$$0000000E  C:\Keil_v5\ARM\ARMCC\Bin\..\lib\armlib\c_p.l(libinit2.o)
    0x00000228   0x00000228   0x00000006   Code   RO         2403    .ARM.Collect$$libinit$$0000000F  C:\Keil_v5\ARM\ARMCC\Bin\..\lib\armlib\c_p.l(libinit2.o)
    0x0000022e   0x0000022e   0x00000000   Code   RO         2405    .ARM.Collect$$libinit$$00000011  C:\Keil_v5\ARM\ARMCC\Bin\..\lib\armlib\c_p.l(libinit2.o)
    0x0000022e   0x0000022e   0x0000000c   Code   RO         2406    .ARM.Collect$$libinit$$00000012  C:\Keil_v5\ARM\ARMCC\Bin\..\lib\armlib\c_p.l(libinit2.o)
    0x0000023a   0x0000023a   0x00000000   Code   RO         2407    .ARM.Collect$$libinit$$00000013  C:\Keil_v5\ARM\ARMCC\Bin\..\lib\armlib\c_p.l(libinit2.o)
    0x0000023a   0x0000023a   0x00000000   Code   RO         2409    .ARM.Collect$$libinit$$00000015  C:\Keil_v5\ARM\ARMCC\Bin\..\lib\armlib\c_p.l(libinit2.o)
    0x0000023a   0x0000023a   0x0000000a   Code   RO         2410    .ARM.Collect$$libinit$$00000016  C:\Keil_v5\ARM\ARMCC\Bin\..\lib\armlib\c_p.l(libinit2.o)
    0x00000244   0x00000244   0x00000000   Code   RO         2411    .ARM.Collect$$libinit$$00000017  C:\Keil_v5\ARM\ARMCC\Bin\..\lib\armlib\c_p.l(libinit2.o)
    0x00000244   0x00000244   0x00000000   Code   RO         2413    .ARM.Collect$$libinit$$00000019  C:\Keil_v5\ARM\ARMCC\Bin\..\lib\armlib\c_p.l(libinit2.o)
    0x00000244   0x00000244   0x00000000   Code   RO         2415    .ARM.Collect$$libinit$$0000001B  C:\Keil_v5\ARM\ARMCC\Bin\..\lib\armlib\c_p.l(libinit2.o)
    0x00000244   0x00000244   0x00000000   Code   RO         2417    .ARM.Collect$$libinit$$0000001D  C:\Keil_v5\ARM\ARMCC\Bin\..\lib\armlib\c_p.l(libinit2.o)
    0x00000244   0x00000244   0x00000000   Code   RO         2419    .ARM.Collect$$libinit$$0000001F  C:\Keil_v5\ARM\ARMCC\Bin\..\lib\armlib\c_p.l(libinit2.o)
    0x00000244   0x00000244   0x00000000   Code   RO         2421    .ARM.Collect$$libinit$$00000021  C:\Keil_v5\ARM\ARMCC\Bin\..\lib\armlib\c_p.l(libinit2.o)
    0x00000244   0x00000244   0x00000000   Code   RO         2423    .ARM.Collect$$libinit$$00000023  C:\Keil_v5\ARM\ARMCC\Bin\..\lib\armlib\c_p.l(libinit2.o)
    0x00000244   0x00000244   0x00000004   Code   RO         2424    .ARM.Collect$$libinit$$00000024  C:\Keil_v5\ARM\ARMCC\Bin\..\lib\armlib\c_p.l(libinit2.o)
    0x00000248   0x00000248   0x00000000   Code   RO         2425    .ARM.Collect$$libinit$$00000025  C:\Keil_v5\ARM\ARMCC\Bin\..\lib\armlib\c_p.l(libinit2.o)
    0x00000248   0x00000248   0x00000000   Code   RO         2429    .ARM.Collect$$libinit$$0000002C  C:\Keil_v5\ARM\ARMCC\Bin\..\lib\armlib\c_p.l(libinit2.o)
    0x00000248   0x00000248   0x00000000   Code   RO         2431    .ARM.Collect$$libinit$$0000002E  C:\Keil_v5\ARM\ARMCC\Bin\..\lib\armlib\c_p.l(libinit2.o)
    0x00000248   0x00000248   0x00000000   Code   RO         2433    .ARM.Collect$$libinit$$00000030  C:\Keil_v5\ARM\ARMCC\Bin\..\lib\armlib\c_p.l(libinit2.o)
    0x00000248   0x00000248   0x00000004   Code   RO         2434    .ARM.Collect$$libinit$$00000031  C:\Keil_v5\ARM\ARMCC\Bin\..\lib\armlib\c_p.l(libinit2.o)
    0x0000024c   0x0000024c   0x00000000   Code   RO         2435    .ARM.Collect$$libinit$$00000032  C:\Keil_v5\ARM\ARMCC\Bin\..\lib\armlib\c_p.l(libinit2.o)
    0x0000024c   0x0000024c   0x00000002   Code   RO         2436    .ARM.Collect$$libinit$$00000033  C:\Keil_v5\ARM\ARMCC\Bin\..\lib\armlib\c_p.l(libinit2.o)
    0x0000024e   0x0000024e   0x00000000   Code   RO         2579    .ARM.Collect$$libshutdown$$00000004  C:\Keil_v5\ARM\ARMCC\Bin\..\lib\armlib\c_p.l(libshutdown2.o)
    0x0000024e   0x0000024e   0x00000000   Code   RO         2218    .ARM.Collect$$rtentry$$00000000  C:\Keil_v5\ARM\ARMCC\Bin\..\lib\armlib\c_p.l(__rtentry.o)
    0x0000024e   0x0000024e   0x00000000   Code   RO         2469    .ARM.Collect$$rtentry$$00000002  C:\Keil_v5\ARM\ARMCC\Bin\..\lib\armlib\c_p.l(__rtentry2.o)
    0x0000024e   0x0000024e   0x00000006   Code   RO         2481    .ARM.Collect$$rtentry$$00000004  C:\Keil_v5\ARM\ARMCC\Bin\..\lib\armlib\c_p.l(__rtentry4.o)
    0x00000254   0x00000254   0x00000008   Code   RO         2470    .ARM.Collect$$rtentry$$00000008  C:\Keil_v5\ARM\ARMCC\Bin\..\lib\armlib\c_p.l(__rtentry2.o)
    0x0000025c   0x0000025c   0x00000004   Code   RO         2472    .ARM.Collect$$rtentry$$0000000A  C:\Keil_v5\ARM\ARMCC\Bin\..\lib\armlib\c_p.l(__rtentry2.o)
    0x00000260   0x00000260   0x00000000   Code   RO         2474    .ARM.Collect$$rtentry$$0000000C  C:\Keil_v5\ARM\ARMCC\Bin\..\lib\armlib\c_p.l(__rtentry2.o)
    0x00000260   0x00000260   0x00000008   Code   RO         2475    .ARM.Collect$$rtentry$$0000000D  C:\Keil_v5\ARM\ARMCC\Bin\..\lib\armlib\c_p.l(__rtentry2.o)
    0x00000268   0x00000268   0x00000038   Code   RO         2059    .emb_text           C:\Keil_v5\ARM\ARMCC\Bin\..\lib\armlib\c_p.l(rt_memcpy.o)
    0x000002a0   0x000002a0   0x00000000   Code   RO         2489    .emb_text           C:\Keil_v5\ARM\ARMCC\Bin\..\lib\armlib\c_p.l(maybetermalloc1.o)
    0x000002a0   0x000002a0   0x0000001c   Code   RO          441    .text               mbed/TARGET_KL25Z/TOOLCHAIN_ARM_STD/startup_MKL25Z4.o
    0x000002bc   0x000002bc   0x00000008   Code   RO         1936    .text               C:\Keil_v5\ARM\ARMCC\Bin\..\lib\armlib\c_p.l(rt_errno_addr.o)
    0x000002c4   0x000002c4   0x00000062   Code   RO         1945    .text               C:\Keil_v5\ARM\ARMCC\Bin\..\lib\armlib\c_p.l(h1_alloc.o)
    0x00000326   0x00000326   0x0000004c   Code   RO         1947    .text               C:\Keil_v5\ARM\ARMCC\Bin\..\lib\armlib\c_p.l(h1_free.o)
    0x00000372   0x00000372   0x00000020   Code   RO         2003    .text               C:\Keil_v5\ARM\ARMCC\Bin\..\lib\armlib\c_p.l(llshl.o)
    0x00000392   0x00000392   0x00000030   Code   RO         2005    .text               C:\Keil_v5\ARM\ARMCC\Bin\..\lib\armlib\c_p.l(llmul.o)
    0x000003c2   0x000003c2   0x00000002   PAD
    0x000003c4   0x000003c4   0x00000038   Code   RO         2009    .text               C:\Keil_v5\ARM\ARMCC\Bin\..\lib\armlib\c_p.l(vsnprintf.o)
    0x000003fc   0x000003fc   0x00000004   Code   RO         2232    .text               C:\Keil_v5\ARM\ARMCC\Bin\..\lib\armlib\c_p.l(hguard.o)
    0x00000400   0x00000400   0x00000010   Code   RO          440    .ARM.__at_0x400     mbed/TARGET_KL25Z/TOOLCHAIN_ARM_STD/startup_MKL25Z4.o
    0x00000410   0x00000410   0x00000102   Code   RO         2007    .text               C:\Keil_v5\ARM\ARMCC\Bin\..\lib\armlib\c_p.l(lludiv.o)
    0x00000512   0x00000512   0x0000000e   Code   RO         2011    .text               C:\Keil_v5\ARM\ARMCC\Bin\..\lib\armlib\c_p.l(c89vfprintf.o)
    0x00000520   0x00000520   0x00000068   Code   RO         2019    .text               C:\Keil_v5\ARM\ARMCC\Bin\..\lib\armlib\c_p.l(fflush.o)
    0x00000588   0x00000588   0x000000e8   Code   RO         2033    .text               C:\Keil_v5\ARM\ARMCC\Bin\..\lib\armlib\c_p.l(fopen.o)
    0x00000670   0x00000670   0x0000001a   Code   RO         2035    .text               C:\Keil_v5\ARM\ARMCC\Bin\..\lib\armlib\c_p.l(setbuf.o)
    0x0000068a   0x0000068a   0x00000002   PAD
    0x0000068c   0x0000068c   0x0000004c   Code   RO         2043    .text               C:\Keil_v5\ARM\ARMCC\Bin\..\lib\armlib\c_p.l(fclose.o)
    0x000006d8   0x000006d8   0x00000044   Code   RO         2055    .text               C:\Keil_v5\ARM\ARMCC\Bin\..\lib\armlib\c_p.l(strlen.o)
    0x0000071c   0x0000071c   0x000000a0   Code   RO         2057    .text               C:\Keil_v5\ARM\ARMCC\Bin\..\lib\armlib\c_p.l(strncmp.o)
    0x000007bc   0x000007bc   0x00000040   Code   RO         2063    .text               C:\Keil_v5\ARM\ARMCC\Bin\..\lib\armlib\c_p.l(rt_memclr.o)
    0x000007fc   0x000007fc   0x000000a0   Code   RO         2065    .text               C:\Keil_v5\ARM\ARMCC\Bin\..\lib\armlib\c_p.l(strcmpv6m.o)
    0x0000089c   0x0000089c   0x000001e8   Code   RO         2067    .text               C:\Keil_v5\ARM\ARMCC\Bin\..\lib\armlib\c_p.l(aeabi_sdivfast.o)
    0x00000a84   0x00000a84   0x00000024   Code   RO         2076    .text               C:\Keil_v5\ARM\ARMCC\Bin\..\lib\armlib\c_p.l(init_aeabi.o)
    0x00000aa8   0x00000aa8   0x00000022   Code   RO         2191    .text               C:\Keil_v5\ARM\ARMCC\Bin\..\lib\cpplib\cpprt_p.l(aeabi_vec_dtor_noexceptions.o)
    0x00000aca   0x00000aca   0x0000004a   Code   RO         2205    .text               C:\Keil_v5\ARM\ARMCC\Bin\..\lib\armlib\fz_ps.l(ffixul.o)
    0x00000b14   0x00000b14   0x00000008   Code   RO         2227    .text               C:\Keil_v5\ARM\ARMCC\Bin\..\lib\armlib\c_p.l(rt_heap_descriptor.o)
    0x00000b1c   0x00000b1c   0x00000088   Code   RO         2234    .text               C:\Keil_v5\ARM\ARMCC\Bin\..\lib\armlib\c_p.l(init_alloc.o)
    0x00000ba4   0x00000ba4   0x0000000e   Code   RO         2238    .text               C:\Keil_v5\ARM\ARMCC\Bin\..\lib\armlib\c_p.l(h1_init.o)
    0x00000bb2   0x00000bb2   0x0000004e   Code   RO         2254    .text               C:\Keil_v5\ARM\ARMCC\Bin\..\lib\armlib\c_p.l(_printf_pad.o)
    0x00000c00   0x00000c00   0x00000024   Code   RO         2256    .text               C:\Keil_v5\ARM\ARMCC\Bin\..\lib\armlib\c_p.l(_printf_truncate.o)
    0x00000c24   0x00000c24   0x00000052   Code   RO         2258    .text               C:\Keil_v5\ARM\ARMCC\Bin\..\lib\armlib\c_p.l(_printf_str.o)
    0x00000c76   0x00000c76   0x00000002   PAD
    0x00000c78   0x00000c78   0x0000006c   Code   RO         2260    .text               C:\Keil_v5\ARM\ARMCC\Bin\..\lib\armlib\c_p.l(_printf_dec.o)
    0x00000ce4   0x00000ce4   0x00000026   Code   RO         2262    .text               C:\Keil_v5\ARM\ARMCC\Bin\..\lib\armlib\c_p.l(_printf_charcount.o)
    0x00000d0a   0x00000d0a   0x00000002   PAD
    0x00000d0c   0x00000d0c   0x00000030   Code   RO         2264    .text               C:\Keil_v5\ARM\ARMCC\Bin\..\lib\armlib\c_p.l(_printf_char_common.o)
    0x00000d3c   0x00000d3c   0x0000000a   Code   RO         2266    .text               C:\Keil_v5\ARM\ARMCC\Bin\..\lib\armlib\c_p.l(_sputc.o)
    0x00000d46   0x00000d46   0x00000010   Code   RO         2268    .text               C:\Keil_v5\ARM\ARMCC\Bin\..\lib\armlib\c_p.l(_snputc.o)
    0x00000d56   0x00000d56   0x00000002   PAD
    0x00000d58   0x00000d58   0x00000028   Code   RO         2270    .text               C:\Keil_v5\ARM\ARMCC\Bin\..\lib\armlib\c_p.l(_printf_char_file.o)
    0x00000d80   0x00000d80   0x000000bc   Code   RO         2272    .text               C:\Keil_v5\ARM\ARMCC\Bin\..\lib\armlib\c_p.l(_printf_wctomb.o)
    0x00000e3c   0x00000e3c   0x00000070   Code   RO         2275    .text               C:\Keil_v5\ARM\ARMCC\Bin\..\lib\armlib\c_p.l(_printf_longlong_dec.o)
    0x00000eac   0x00000eac   0x00000070   Code   RO         2281    .text               C:\Keil_v5\ARM\ARMCC\Bin\..\lib\armlib\c_p.l(_printf_oct_int_ll.o)
    0x00000f1c   0x00000f1c   0x00000098   Code   RO         2301    .text               C:\Keil_v5\ARM\ARMCC\Bin\..\lib\armlib\c_p.l(_printf_hex_int_ll_ptr.o)
    0x00000fb4   0x00000fb4   0x00000188   Code   RO         2321    .text               C:\Keil_v5\ARM\ARMCC\Bin\..\lib\armlib\c_p.l(__printf_flags_ss_wp.o)
    0x0000113c   0x0000113c   0x00000008   Code   RO         2365    .text               C:\Keil_v5\ARM\ARMCC\Bin\..\lib\armlib\c_p.l(ferror.o)
    0x00001144   0x00001144   0x000001f0   Code   RO         2369    .text               C:\Keil_v5\ARM\ARMCC\Bin\..\lib\armlib\c_p.l(flsbuf.o)
    0x00001334   0x00001334   0x000000f4   Code   RO         2371    .text               C:\Keil_v5\ARM\ARMCC\Bin\..\lib\armlib\c_p.l(fseek.o)
    0x00001428   0x00001428   0x0000004c   Code   RO         2373    .text               C:\Keil_v5\ARM\ARMCC\Bin\..\lib\armlib\c_p.l(setvbuf.o)
    0x00001474   0x00001474   0x000000f0   Code   RO         2375    .text               C:\Keil_v5\ARM\ARMCC\Bin\..\lib\armlib\c_p.l(stdio.o)
    0x00001564   0x00001564   0x0000013c   Code   RO         2378    .text               C:\Keil_v5\ARM\ARMCC\Bin\..\lib\armlib\c_p.l(initio.o)
    0x000016a0   0x000016a0   0x0000000c   Code   RO         2386    .text               C:\Keil_v5\ARM\ARMCC\Bin\..\lib\armlib\c_p.l(defsig_pvfn_outer.o)
    0x000016ac   0x000016ac   0x00000034   Code   RO         2491    .text               C:\Keil_v5\ARM\ARMCC\Bin\..\lib\armlib\c_p.l(h1_extend.o)
    0x000016e0   0x000016e0   0x0000007a   Code   RO         2495    .text               C:\Keil_v5\ARM\ARMCC\Bin\..\lib\armlib\c_p.l(lludiv10.o)
    0x0000175a   0x0000175a   0x000000b0   Code   RO         2499    .text               C:\Keil_v5\ARM\ARMCC\Bin\..\lib\armlib\c_p.l(_printf_intcommon.o)
    0x0000180a   0x0000180a   0x00000002   PAD
    0x0000180c   0x0000180c   0x00000418   Code   RO         2501    .text               C:\Keil_v5\ARM\ARMCC\Bin\..\lib\armlib\c_p.l(_printf_fp_dec.o)
    0x00001c24   0x00001c24   0x000002d8   Code   RO         2503    .text               C:\Keil_v5\ARM\ARMCC\Bin\..\lib\armlib\c_p.l(_printf_fp_hex.o)
    0x00001efc   0x00001efc   0x0000002e   Code   RO         2508    .text               C:\Keil_v5\ARM\ARMCC\Bin\..\lib\armlib\c_p.l(_printf_char.o)
    0x00001f2a   0x00001f2a   0x0000002e   Code   RO         2512    .text               C:\Keil_v5\ARM\ARMCC\Bin\..\lib\armlib\c_p.l(_printf_wchar.o)
    0x00001f58   0x00001f58   0x00000042   Code   RO         2525    .text               C:\Keil_v5\ARM\ARMCC\Bin\..\lib\armlib\c_p.l(ftell.o)
    0x00001f9a   0x00001f9a   0x00000040   Code   RO         2551    .text               C:\Keil_v5\ARM\ARMCC\Bin\..\lib\armlib\c_p.l(_wcrtomb.o)
    0x00001fda   0x00001fda   0x0000000c   Code   RO         2553    .text               C:\Keil_v5\ARM\ARMCC\Bin\..\lib\armlib\c_p.l(defsig_exit.o)
    0x00001fe6   0x00001fe6   0x0000000c   Code   RO         2555    .text               C:\Keil_v5\ARM\ARMCC\Bin\..\lib\armlib\c_p.l(defsig_rtred_outer.o)
    0x00001ff2   0x00001ff2   0x0000000c   Code   RO         2559    .text               C:\Keil_v5\ARM\ARMCC\Bin\..\lib\armlib\c_p.l(defsig_rtmem_outer.o)
    0x00001ffe   0x00001ffe   0x00000002   PAD
    0x00002000   0x00002000   0x00000030   Code   RO         2563    .text               C:\Keil_v5\ARM\ARMCC\Bin\..\lib\armlib\c_p.l(defsig_pvfn_inner.o)
    0x00002030   0x00002030   0x00000028   Code   RO         2567    .text               C:\Keil_v5\ARM\ARMCC\Bin\..\lib\armlib\c_p.l(rtudiv10.o)
    0x00002058   0x00002058   0x00000050   Code   RO         2569    .text               C:\Keil_v5\ARM\ARMCC\Bin\..\lib\armlib\c_p.l(heapauxa.o)
    0x000020a8   0x000020a8   0x0000000c   Code   RO         2610    .text               C:\Keil_v5\ARM\ARMCC\Bin\..\lib\armlib\c_p.l(sys_exit.o)
    0x000020b4   0x000020b4   0x00000010   Code   RO         2612    .text               C:\Keil_v5\ARM\ARMCC\Bin\..\lib\armlib\c_p.l(rt_ctype_table.o)
    0x000020c4   0x000020c4   0x00000008   Code   RO         2614    .text               C:\Keil_v5\ARM\ARMCC\Bin\..\lib\armlib\c_p.l(rt_locale.o)
    0x000020cc   0x000020cc   0x00000088   Code   RO         2626    .text               C:\Keil_v5\ARM\ARMCC\Bin\..\lib\armlib\c_p.l(_printf_fp_infnan.o)
    0x00002154   0x00002154   0x000000d8   Code   RO         2628    .text               C:\Keil_v5\ARM\ARMCC\Bin\..\lib\armlib\c_p.l(bigflt0.o)
    0x0000222c   0x0000222c   0x00000580   Code   RO         2631    .text               C:\Keil_v5\ARM\ARMCC\Bin\..\lib\armlib\c_p.l(btod.o)
    0x000027ac   0x000027ac   0x00000034   Code   RO         2644    .text               C:\Keil_v5\ARM\ARMCC\Bin\..\lib\armlib\c_p.l(defsig_general.o)
    0x000027e0   0x000027e0   0x00000034   Code   RO         2650    .text               C:\Keil_v5\ARM\ARMCC\Bin\..\lib\armlib\c_p.l(defsig_rtred_inner.o)
    0x00002814   0x00002814   0x00000050   Code   RO         2652    .text               C:\Keil_v5\ARM\ARMCC\Bin\..\lib\armlib\c_p.l(defsig_rtmem_inner.o)
    0x00002864   0x00002864   0x0000000c   Code   RO         2692    .text               C:\Keil_v5\ARM\ARMCC\Bin\..\lib\armlib\c_p.l(sys_wrch.o)
    0x00002870   0x00002870   0x00000002   Code   RO         2694    .text               C:\Keil_v5\ARM\ARMCC\Bin\..\lib\armlib\c_p.l(use_no_semi.o)
    0x00002872   0x00002872   0x00000000   Code   RO         2696    .text               C:\Keil_v5\ARM\ARMCC\Bin\..\lib\armlib\c_p.l(indicate_semi.o)
    0x00002872   0x00002872   0x0000000c   Code   RO          286    i.$Sub$$main        mbed/TARGET_KL25Z/TOOLCHAIN_ARM_STD/mbed_sdk_boot.o
    0x0000287e   0x0000287e   0x0000000c   Code   RO         1454    i.<Func1>           mbed/TARGET_KL25Z/TOOLCHAIN_ARM_STD/mbed.ar(SerialBase.o)
    0x0000288a   0x0000288a   0x00000010   Code   RO          116    i.NMI_Handler       mbed/TARGET_KL25Z/TOOLCHAIN_ARM_STD/mbed_overrides.o
    0x0000289a   0x0000289a   0x00000002   PAD
    0x0000289c   0x0000289c   0x00000098   Code   RO          446    i.SystemInit        mbed/TARGET_KL25Z/TOOLCHAIN_ARM_STD/system_MKL25Z4.o
    0x00002934   0x00002934   0x00000030   Code   RO         1261    i.UART_direct_msg_put  .\build\uart_poll.o
    0x00002964   0x00002964   0x0000003c   Code   RO         1262    i.UART_get          .\build\uart_poll.o
    0x000029a0   0x000029a0   0x0000001c   Code   RO         1264    i.UART_input        .\build\uart_poll.o
    0x000029bc   0x000029bc   0x00000184   Code   RO          988    i.UART_msg_process  .\build\monitor.o
    0x00002b40   0x00002b40   0x00000038   Code   RO         1265    i.UART_msg_put      .\build\uart_poll.o
    0x00002b78   0x00002b78   0x0000002c   Code   RO         1266    i.UART_put          .\build\uart_poll.o
    0x00002ba4   0x00002ba4   0x00000028   Code   RO          473    i._Z4flipv          .\build\main.o
    0x00002bcc   0x00002bcc   0x00000090   Code   RO          522    i._ZN4mbed10DigitalOut5writeEi  .\build\main.o
    0x00002c5c   0x00002c5c   0x0000001a   Code   RO          540    i._ZN4mbed10DigitalOutC1E7PinName  .\build\main.o
    0x00002c76   0x00002c76   0x00000002   PAD
    0x00002c78   0x00002c78   0x00000090   Code   RO          516    i._ZN4mbed10DigitalOutcviEv  .\build\main.o
    0x00002d08   0x00002d08   0x00000032   Code   RO         1899    i._ZN4mbed10FileHandle4sizeEv  mbed/TARGET_KL25Z/TOOLCHAIN_ARM_STD/mbed.ar(FileHandle.o)
    0x00002d3a   0x00002d3a   0x00000004   Code   RO         1919    i._ZN4mbed10FileHandle6isattyEv  mbed/TARGET_KL25Z/TOOLCHAIN_ARM_STD/mbed.ar(FileHandle.o)
    0x00002d3e   0x00002d3e   0x0000000e   Code   RO         1456    i._ZN4mbed10SerialBase10_base_putcEi  mbed/TARGET_KL25Z/TOOLCHAIN_ARM_STD/mbed.ar(SerialBase.o)
    0x00002d4c   0x00002d4c   0x00000012   Code   RO         1458    i._ZN4mbed10SerialBase12_irq_handlerEj9SerialIrq  mbed/TARGET_KL25Z/TOOLCHAIN_ARM_STD/mbed.ar(SerialBase.o)
    0x00002d5e   0x00002d5e   0x00000002   Code   RO         1460    i._ZN4mbed10SerialBase4lockEv  mbed/TARGET_KL25Z/TOOLCHAIN_ARM_STD/mbed.ar(SerialBase.o)
    0x00002d60   0x00002d60   0x00000002   Code   RO         1463    i._ZN4mbed10SerialBase6unlockEv  mbed/TARGET_KL25Z/TOOLCHAIN_ARM_STD/mbed.ar(SerialBase.o)
    0x00002d62   0x00002d62   0x00000002   PAD
    0x00002d64   0x00002d64   0x00000098   Code   RO         1466    i._ZN4mbed10SerialBaseC1E7PinNameS1_i  mbed/TARGET_KL25Z/TOOLCHAIN_ARM_STD/mbed.ar(SerialBase.o)
    0x00002dfc   0x00002dfc   0x00000100   Code   RO         1468    i._ZN4mbed10SerialBaseD1Ev  mbed/TARGET_KL25Z/TOOLCHAIN_ARM_STD/mbed.ar(SerialBase.o)
    0x00002efc   0x00002efc   0x00000012   Code   RO         1519    i._ZN4mbed10TimerEvent15insert_absoluteEy  mbed/TARGET_KL25Z/TOOLCHAIN_ARM_STD/mbed.ar(TimerEvent.o)
    0x00002f0e   0x00002f0e   0x00000006   Code   RO         1520    i._ZN4mbed10TimerEvent3irqEj  mbed/TARGET_KL25Z/TOOLCHAIN_ARM_STD/mbed.ar(TimerEvent.o)
    0x00002f14   0x00002f14   0x00000010   Code   RO         1522    i._ZN4mbed10TimerEvent6removeEv  mbed/TARGET_KL25Z/TOOLCHAIN_ARM_STD/mbed.ar(TimerEvent.o)
    0x00002f24   0x00002f24   0x0000002c   Code   RO         1524    i._ZN4mbed10TimerEventC2Ev  mbed/TARGET_KL25Z/TOOLCHAIN_ARM_STD/mbed.ar(TimerEvent.o)
    0x00002f50   0x00002f50   0x0000001c   Code   RO         1526    i._ZN4mbed10TimerEventD2Ev  mbed/TARGET_KL25Z/TOOLCHAIN_ARM_STD/mbed.ar(TimerEvent.o)
    0x00002f6c   0x00002f6c   0x00000044   Code   RO          123    i._ZN4mbed11mbed_fdopenEPNS_10FileHandleEPKc  mbed/TARGET_KL25Z/TOOLCHAIN_ARM_STD/mbed_retarget.o
    0x00002fb0   0x00002fb0   0x00000070   Code   RO          124    i._ZN4mbed17remove_filehandleEPNS_10FileHandleE  mbed/TARGET_KL25Z/TOOLCHAIN_ARM_STD/mbed_retarget.o
    0x00003020   0x00003020   0x0000000a   Code   RO          125    i._ZN4mbed26mbed_set_unbuffered_streamEPSt6__FILE  mbed/TARGET_KL25Z/TOOLCHAIN_ARM_STD/mbed_retarget.o
    0x0000302a   0x0000302a   0x00000002   Code   RO         1347    i._ZN4mbed6Serial4lockEv  mbed/TARGET_KL25Z/TOOLCHAIN_ARM_STD/mbed.ar(Serial.o)
    0x0000302c   0x0000302c   0x00000002   Code   RO         1350    i._ZN4mbed6Serial6unlockEv  mbed/TARGET_KL25Z/TOOLCHAIN_ARM_STD/mbed.ar(Serial.o)
    0x0000302e   0x0000302e   0x00000002   PAD
    0x00003030   0x00003030   0x00000030   Code   RO         1351    i._ZN4mbed6SerialC1E7PinNameS1_PKci  mbed/TARGET_KL25Z/TOOLCHAIN_ARM_STD/mbed.ar(Serial.o)
    0x00003060   0x00003060   0x00000028   Code   RO         1382    i._ZN4mbed6SerialD1Ev  mbed/TARGET_KL25Z/TOOLCHAIN_ARM_STD/mbed.ar(Serial.o)
    0x00003088   0x00003088   0x00000002   Code   RO         1819    i._ZN4mbed6Stream4lockEv  mbed/TARGET_KL25Z/TOOLCHAIN_ARM_STD/mbed.ar(Stream.o)
    0x0000308a   0x0000308a   0x00000004   Code   RO         1744    i._ZN4mbed6Stream4seekEli  mbed/TARGET_KL25Z/TOOLCHAIN_ARM_STD/mbed.ar(Stream.o)
    0x0000308e   0x0000308e   0x00000004   Code   RO         1745    i._ZN4mbed6Stream4sizeEv  mbed/TARGET_KL25Z/TOOLCHAIN_ARM_STD/mbed.ar(Stream.o)
    0x00003092   0x00003092   0x00000004   Code   RO         1748    i._ZN4mbed6Stream5closeEv  mbed/TARGET_KL25Z/TOOLCHAIN_ARM_STD/mbed.ar(Stream.o)
    0x00003096   0x00003096   0x00000036   Code   RO         1750    i._ZN4mbed6Stream5writeEPKvj  mbed/TARGET_KL25Z/TOOLCHAIN_ARM_STD/mbed.ar(Stream.o)
    0x000030cc   0x000030cc   0x00000004   Code   RO         1751    i._ZN4mbed6Stream6isattyEv  mbed/TARGET_KL25Z/TOOLCHAIN_ARM_STD/mbed.ar(Stream.o)
    0x000030d0   0x000030d0   0x00000034   Code   RO         1752    i._ZN4mbed6Stream6printfEPKcz  mbed/TARGET_KL25Z/TOOLCHAIN_ARM_STD/mbed.ar(Stream.o)
    0x00003104   0x00003104   0x00000002   Code   RO         1822    i._ZN4mbed6Stream6unlockEv  mbed/TARGET_KL25Z/TOOLCHAIN_ARM_STD/mbed.ar(Stream.o)
    0x00003106   0x00003106   0x00000002   PAD
    0x00003108   0x00003108   0x00000070   Code   RO         1756    i._ZN4mbed6StreamC2EPKc  mbed/TARGET_KL25Z/TOOLCHAIN_ARM_STD/mbed.ar(Stream.o)
    0x00003178   0x00003178   0x00000024   Code   RO         1758    i._ZN4mbed6StreamD2Ev  mbed/TARGET_KL25Z/TOOLCHAIN_ARM_STD/mbed.ar(Stream.o)
    0x0000319c   0x0000319c   0x00000030   Code   RO         1427    i._ZN4mbed6Ticker5setupEy  mbed/TARGET_KL25Z/TOOLCHAIN_ARM_STD/mbed.ar(Ticker.o)
    0x000031cc   0x000031cc   0x00000026   Code   RO         1429    i._ZN4mbed6Ticker7handlerEv  mbed/TARGET_KL25Z/TOOLCHAIN_ARM_STD/mbed.ar(Ticker.o)
    0x000031f2   0x000031f2   0x00000064   Code   RO          534    i._ZN4mbed6Ticker9attach_usENS_8CallbackIFvvEEEy  .\build\main.o
    0x00003256   0x00003256   0x00000002   PAD
    0x00003258   0x00003258   0x00000088   Code   RO         1442    i._ZN4mbed6TickerD1Ev  mbed/TARGET_KL25Z/TOOLCHAIN_ARM_STD/mbed.ar(Ticker.o)
    0x000032e0   0x000032e0   0x00000008   Code   RO         1900    i._ZN4mbed6fdopenEPNS_10FileHandleEPKc  mbed/TARGET_KL25Z/TOOLCHAIN_ARM_STD/mbed.ar(FileHandle.o)
    0x000032e8   0x000032e8   0x00000004   Code   RO         1864    i._ZN4mbed8FileBase11getPathTypeEv  mbed/TARGET_KL25Z/TOOLCHAIN_ARM_STD/mbed.ar(FileBase.o)
    0x000032ec   0x000032ec   0x00000070   Code   RO         1866    i._ZN4mbed8FileBase6lookupEPKcj  mbed/TARGET_KL25Z/TOOLCHAIN_ARM_STD/mbed.ar(FileBase.o)
    0x0000335c   0x0000335c   0x00000040   Code   RO         1868    i._ZN4mbed8FileBaseC1EPKcNS_8PathTypeE  mbed/TARGET_KL25Z/TOOLCHAIN_ARM_STD/mbed.ar(FileBase.o)
    0x0000339c   0x0000339c   0x00000058   Code   RO         1870    i._ZN4mbed8FileBaseD1Ev  mbed/TARGET_KL25Z/TOOLCHAIN_ARM_STD/mbed.ar(FileBase.o)
    0x000033f4   0x000033f4   0x00000020   Code   RO         1643    i._ZN4mbed8FilePath10fileSystemEv  mbed/TARGET_KL25Z/TOOLCHAIN_ARM_STD/mbed.ar(FilePath.o)
    0x00003414   0x00003414   0x00000020   Code   RO         1645    i._ZN4mbed8FilePath4fileEv  mbed/TARGET_KL25Z/TOOLCHAIN_ARM_STD/mbed.ar(FilePath.o)
    0x00003434   0x00003434   0x0000000a   Code   RO         1646    i._ZN4mbed8FilePath6existsEv  mbed/TARGET_KL25Z/TOOLCHAIN_ARM_STD/mbed.ar(FilePath.o)
    0x0000343e   0x0000343e   0x00000018   Code   RO         1647    i._ZN4mbed8FilePath6isFileEv  mbed/TARGET_KL25Z/TOOLCHAIN_ARM_STD/mbed.ar(FilePath.o)
    0x00003456   0x00003456   0x00000004   Code   RO         1648    i._ZN4mbed8FilePath8fileNameEv  mbed/TARGET_KL25Z/TOOLCHAIN_ARM_STD/mbed.ar(FilePath.o)
    0x0000345a   0x0000345a   0x00000044   Code   RO         1649    i._ZN4mbed8FilePathC1EPKc  mbed/TARGET_KL25Z/TOOLCHAIN_ARM_STD/mbed.ar(FilePath.o)
    0x0000349e   0x0000349e   0x00000002   Code   RO         1353    i._ZThn48_N4mbed6Serial4lockEv  mbed/TARGET_KL25Z/TOOLCHAIN_ARM_STD/mbed.ar(Serial.o)
    0x000034a0   0x000034a0   0x0000000a   Code   RO         1355    i._ZThn48_N4mbed6Serial5_putcEi  mbed/TARGET_KL25Z/TOOLCHAIN_ARM_STD/mbed.ar(Serial.o)
    0x000034aa   0x000034aa   0x00000002   Code   RO         1356    i._ZThn48_N4mbed6Serial6unlockEv  mbed/TARGET_KL25Z/TOOLCHAIN_ARM_STD/mbed.ar(Serial.o)
    0x000034ac   0x000034ac   0x00000030   Code   RO         2633    i.__ARM_common_ll_muluu  C:\Keil_v5\ARM\ARMCC\Bin\..\lib\armlib\c_p.l(btod.o)
    0x000034dc   0x000034dc   0x0000002c   Code   RO         2684    i.__ARM_fpclassify  C:\Keil_v5\ARM\ARMCC\Bin\..\lib\armlib\m_ps.l(fpclassify.o)
    0x00003508   0x00003508   0x00000004   Code   RO          134    i.__aeabi_atexit    mbed/TARGET_KL25Z/TOOLCHAIN_ARM_STD/mbed_retarget.o
    0x0000350c   0x0000350c   0x00000022   Code   RO         2188    i.__aeabi_vec_ctor_nocookie_nodtor  C:\Keil_v5\ARM\ARMCC\Bin\..\lib\cpplib\cpprt_p.l(aeabi_vec_ctor_nocookie_nodtor.o)
    0x0000352e   0x0000352e   0x0000000a   Code   RO         2079    i.__cxa_pure_virtual  C:\Keil_v5\ARM\ARMCC\Bin\..\lib\cpplib\cpprt_p.l(pure_virt.o)
    0x00003538   0x00003538   0x0000009c   Code   RO          474    i.__sti___8_main_cpp_1ca0aaea  .\build\main.o
    0x000035d4   0x000035d4   0x00000008   Code   RO          140    i.__user_setup_stackheap  mbed/TARGET_KL25Z/TOOLCHAIN_ARM_STD/mbed_retarget.o
    0x000035dc   0x000035dc   0x0000000e   Code   RO         2314    i._is_digit         C:\Keil_v5\ARM\ARMCC\Bin\..\lib\armlib\c_p.l(__printf_wp.o)
    0x000035ea   0x000035ea   0x00000002   PAD
    0x000035ec   0x000035ec   0x00000010   Code   RO          141    i._mbed_user_setup_stackheap  mbed/TARGET_KL25Z/TOOLCHAIN_ARM_STD/mbed_retarget.o
    0x000035fc   0x000035fc   0x00000020   Code   RO          287    i._platform_post_stackheap_init  mbed/TARGET_KL25Z/TOOLCHAIN_ARM_STD/mbed_sdk_boot.o
    0x0000361c   0x0000361c   0x00000048   Code   RO          142    i._sys_close        mbed/TARGET_KL25Z/TOOLCHAIN_ARM_STD/mbed_retarget.o
    0x00003664   0x00003664   0x0000004c   Code   RO          145    i._sys_flen         mbed/TARGET_KL25Z/TOOLCHAIN_ARM_STD/mbed_retarget.o
    0x000036b0   0x000036b0   0x00000040   Code   RO          146    i._sys_istty        mbed/TARGET_KL25Z/TOOLCHAIN_ARM_STD/mbed_retarget.o
    0x000036f0   0x000036f0   0x00000218   Code   RO          147    i._sys_open         mbed/TARGET_KL25Z/TOOLCHAIN_ARM_STD/mbed_retarget.o
    0x00003908   0x00003908   0x0000004c   Code   RO          149    i._sys_seek         mbed/TARGET_KL25Z/TOOLCHAIN_ARM_STD/mbed_retarget.o
    0x00003954   0x00003954   0x00000080   Code   RO          150    i._sys_write        mbed/TARGET_KL25Z/TOOLCHAIN_ARM_STD/mbed_retarget.o
    0x000039d4   0x000039d4   0x000000d8   Code   RO          990    i.chk_UART_msg      .\build\monitor.o
    0x00003aac   0x00003aac   0x0000001a   Code   RO         1707    i.core_util_atomic_decr_u16  mbed/TARGET_KL25Z/TOOLCHAIN_ARM_STD/mbed.ar(mbed_critical.o)
    0x00003ac6   0x00003ac6   0x0000001a   Code   RO         1711    i.core_util_atomic_incr_u16  mbed/TARGET_KL25Z/TOOLCHAIN_ARM_STD/mbed.ar(mbed_critical.o)
    0x00003ae0   0x00003ae0   0x0000008c   Code   RO         1714    i.core_util_critical_section_enter  mbed/TARGET_KL25Z/TOOLCHAIN_ARM_STD/mbed.ar(mbed_critical.o)
    0x00003b6c   0x00003b6c   0x00000058   Code   RO         1715    i.core_util_critical_section_exit  mbed/TARGET_KL25Z/TOOLCHAIN_ARM_STD/mbed.ar(mbed_critical.o)
    0x00003bc4   0x00003bc4   0x0000002c   Code   RO         1674    i.error             mbed/TARGET_KL25Z/TOOLCHAIN_ARM_STD/mbed.ar(mbed_error.o)
    0x00003bf0   0x00003bf0   0x0000002c   Code   RO          153    i.exit              mbed/TARGET_KL25Z/TOOLCHAIN_ARM_STD/mbed_retarget.o
    0x00003c1c   0x00003c1c   0x0000001e   Code   RO         2028    i.fputc             C:\Keil_v5\ARM\ARMCC\Bin\..\lib\armlib\c_p.l(fputc.o)
    0x00003c3a   0x00003c3a   0x00000002   PAD
    0x00003c3c   0x00003c3c   0x00000008   Code   RO         1598    i.get_us_ticker_data  mbed/TARGET_KL25Z/TOOLCHAIN_ARM_STD/mbed.ar(mbed_us_ticker_api.o)
    0x00003c44   0x00003c44   0x00000054   Code   RO           31    i.gpio_dir          mbed/TARGET_KL25Z/TOOLCHAIN_ARM_STD/gpio_api.o
    0x00003c98   0x00003c98   0x0000003c   Code   RO           32    i.gpio_init         mbed/TARGET_KL25Z/TOOLCHAIN_ARM_STD/gpio_api.o
    0x00003cd4   0x00003cd4   0x00000022   Code   RO         1554    i.gpio_init_in      mbed/TARGET_KL25Z/TOOLCHAIN_ARM_STD/mbed.ar(mbed_gpio.o)
    0x00003cf6   0x00003cf6   0x00000002   PAD
    0x00003cf8   0x00003cf8   0x00000040   Code   RO         1557    i.gpio_init_out     mbed/TARGET_KL25Z/TOOLCHAIN_ARM_STD/mbed.ar(mbed_gpio.o)
    0x00003d38   0x00003d38   0x00000060   Code   RO         1558    i.gpio_init_out_ex  mbed/TARGET_KL25Z/TOOLCHAIN_ARM_STD/mbed.ar(mbed_gpio.o)
    0x00003d98   0x00003d98   0x0000000e   Code   RO           33    i.gpio_mode         mbed/TARGET_KL25Z/TOOLCHAIN_ARM_STD/gpio_api.o
    0x00003da6   0x00003da6   0x00000002   PAD
    0x00003da8   0x00003da8   0x000000d8   Code   RO         1613    i.initialize        mbed/TARGET_KL25Z/TOOLCHAIN_ARM_STD/mbed.ar(mbed_ticker_api.o)
    0x00003e80   0x00003e80   0x00000060   Code   RO          454    i.lptmr_isr         mbed/TARGET_KL25Z/TOOLCHAIN_ARM_STD/us_ticker.o
    0x00003ee0   0x00003ee0   0x00000154   Code   RO          475    i.main              .\build\main.o
    0x00004034   0x00004034   0x00000054   Code   RO         1668    i.mbed_assert_internal  mbed/TARGET_KL25Z/TOOLCHAIN_ARM_STD/mbed.ar(mbed_assert.o)
    0x00004088   0x00004088   0x000000c4   Code   RO          105    i.mbed_die          mbed/TARGET_KL25Z/TOOLCHAIN_ARM_STD/mbed_board.o
    0x0000414c   0x0000414c   0x00000058   Code   RO          106    i.mbed_error_printf  mbed/TARGET_KL25Z/TOOLCHAIN_ARM_STD/mbed_board.o
    0x000041a4   0x000041a4   0x00000050   Code   RO          107    i.mbed_error_vfprintf  mbed/TARGET_KL25Z/TOOLCHAIN_ARM_STD/mbed_board.o
    0x000041f4   0x000041f4   0x00000008   Code   RO         1681    i.mbed_interface_connected  mbed/TARGET_KL25Z/TOOLCHAIN_ARM_STD/mbed.ar(mbed_interface.o)
    0x000041fc   0x000041fc   0x00000002   Code   RO          289    i.mbed_main         mbed/TARGET_KL25Z/TOOLCHAIN_ARM_STD/mbed_sdk_boot.o
    0x000041fe   0x000041fe   0x00000002   Code   RO          290    i.mbed_sdk_init     mbed/TARGET_KL25Z/TOOLCHAIN_ARM_STD/mbed_sdk_boot.o
    0x00004200   0x00004200   0x000000d4   Code   RO          991    i.monitor           .\build\monitor.o
    0x000042d4   0x000042d4   0x00000064   Code   RO          318    i.pin_function      mbed/TARGET_KL25Z/TOOLCHAIN_ARM_STD/pinmap.o
    0x00004338   0x00004338   0x00000040   Code   RO          319    i.pin_mode          mbed/TARGET_KL25Z/TOOLCHAIN_ARM_STD/pinmap.o
    0x00004378   0x00004378   0x00000034   Code   RO         1572    i.pinmap_merge      mbed/TARGET_KL25Z/TOOLCHAIN_ARM_STD/mbed.ar(mbed_pinmap_common.o)
    0x000043ac   0x000043ac   0x0000005c   Code   RO         1573    i.pinmap_peripheral  mbed/TARGET_KL25Z/TOOLCHAIN_ARM_STD/mbed.ar(mbed_pinmap_common.o)
    0x00004408   0x00004408   0x00000054   Code   RO         1574    i.pinmap_pinout     mbed/TARGET_KL25Z/TOOLCHAIN_ARM_STD/mbed.ar(mbed_pinmap_common.o)
    0x0000445c   0x0000445c   0x000000e0   Code   RO         1614    i.schedule_interrupt  mbed/TARGET_KL25Z/TOOLCHAIN_ARM_STD/mbed.ar(mbed_ticker_api.o)
    0x0000453c   0x0000453c   0x0000000c   Code   RO         1845    i.semihost_connected  mbed/TARGET_KL25Z/TOOLCHAIN_ARM_STD/mbed.ar(mbed_semihost_api.o)
    0x00004548   0x00004548   0x0000000c   Code   RO         1847    i.semihost_exit     mbed/TARGET_KL25Z/TOOLCHAIN_ARM_STD/mbed.ar(mbed_semihost_api.o)
    0x00004554   0x00004554   0x00000110   Code   RO         1269    i.serial            .\build\uart_poll.o
    0x00004664   0x00004664   0x00000180   Code   RO          369    i.serial_baud       mbed/TARGET_KL25Z/TOOLCHAIN_ARM_STD/serial_api.o
    0x000047e4   0x000047e4   0x000000d4   Code   RO          373    i.serial_format     mbed/TARGET_KL25Z/TOOLCHAIN_ARM_STD/serial_api.o
    0x000048b8   0x000048b8   0x0000018c   Code   RO          376    i.serial_init       mbed/TARGET_KL25Z/TOOLCHAIN_ARM_STD/serial_api.o
    0x00004a44   0x00004a44   0x00000018   Code   RO          377    i.serial_irq_handler  mbed/TARGET_KL25Z/TOOLCHAIN_ARM_STD/serial_api.o
    0x00004a5c   0x00004a5c   0x000000d4   Code   RO          378    i.serial_irq_set    mbed/TARGET_KL25Z/TOOLCHAIN_ARM_STD/serial_api.o
    0x00004b30   0x00004b30   0x00000024   Code   RO          380    i.serial_putc       mbed/TARGET_KL25Z/TOOLCHAIN_ARM_STD/serial_api.o
    0x00004b54   0x00004b54   0x00000098   Code   RO          992    i.set_display_mode  .\build\monitor.o
    0x00004bec   0x00004bec   0x00000060   Code   RO         1586    i.sleep_manager_lock_deep_sleep  mbed/TARGET_KL25Z/TOOLCHAIN_ARM_STD/mbed.ar(mbed_sleep_manager.o)
    0x00004c4c   0x00004c4c   0x00000054   Code   RO         1588    i.sleep_manager_unlock_deep_sleep  mbed/TARGET_KL25Z/TOOLCHAIN_ARM_STD/mbed.ar(mbed_sleep_manager.o)
    0x00004ca0   0x00004ca0   0x0000005c   Code   RO         1617    i.ticker_insert_event_us  mbed/TARGET_KL25Z/TOOLCHAIN_ARM_STD/mbed.ar(mbed_ticker_api.o)
    0x00004cfc   0x00004cfc   0x00000044   Code   RO         1618    i.ticker_irq_handler  mbed/TARGET_KL25Z/TOOLCHAIN_ARM_STD/mbed.ar(mbed_ticker_api.o)
    0x00004d40   0x00004d40   0x00000014   Code   RO         1619    i.ticker_read       mbed/TARGET_KL25Z/TOOLCHAIN_ARM_STD/mbed.ar(mbed_ticker_api.o)
    0x00004d54   0x00004d54   0x00000016   Code   RO         1620    i.ticker_read_us    mbed/TARGET_KL25Z/TOOLCHAIN_ARM_STD/mbed.ar(mbed_ticker_api.o)
    0x00004d6a   0x00004d6a   0x00000038   Code   RO         1621    i.ticker_remove_event  mbed/TARGET_KL25Z/TOOLCHAIN_ARM_STD/mbed.ar(mbed_ticker_api.o)
    0x00004da2   0x00004da2   0x00000010   Code   RO         1622    i.ticker_set_handler  mbed/TARGET_KL25Z/TOOLCHAIN_ARM_STD/mbed.ar(mbed_ticker_api.o)
    0x00004db2   0x00004db2   0x00000002   PAD
    0x00004db4   0x00004db4   0x0000016c   Code   RO         1174    i.timer0            .\build\timer0.o
    0x00004f20   0x00004f20   0x00000044   Code   RO          383    i.uart0_irq         mbed/TARGET_KL25Z/TOOLCHAIN_ARM_STD/serial_api.o
    0x00004f64   0x00004f64   0x00000034   Code   RO          384    i.uart1_irq         mbed/TARGET_KL25Z/TOOLCHAIN_ARM_STD/serial_api.o
    0x00004f98   0x00004f98   0x00000034   Code   RO          385    i.uart2_irq         mbed/TARGET_KL25Z/TOOLCHAIN_ARM_STD/serial_api.o
    0x00004fcc   0x00004fcc   0x000000f8   Code   RO         1623    i.update_present_time  mbed/TARGET_KL25Z/TOOLCHAIN_ARM_STD/mbed.ar(mbed_ticker_api.o)
    0x000050c4   0x000050c4   0x00000002   Code   RO          455    i.us_ticker_clear_interrupt  mbed/TARGET_KL25Z/TOOLCHAIN_ARM_STD/us_ticker.o
    0x000050c6   0x000050c6   0x00000002   PAD
    0x000050c8   0x000050c8   0x00000010   Code   RO          456    i.us_ticker_disable_interrupt  mbed/TARGET_KL25Z/TOOLCHAIN_ARM_STD/us_ticker.o
    0x000050d8   0x000050d8   0x00000010   Code   RO          457    i.us_ticker_fire_interrupt  mbed/TARGET_KL25Z/TOOLCHAIN_ARM_STD/us_ticker.o
    0x000050e8   0x000050e8   0x00000008   Code   RO          165    i.us_ticker_get_info  mbed/TARGET_KL25Z/TOOLCHAIN_ARM_STD/mbed_retarget.o
    0x000050f0   0x000050f0   0x000001c4   Code   RO          458    i.us_ticker_init    mbed/TARGET_KL25Z/TOOLCHAIN_ARM_STD/us_ticker.o
    0x000052b4   0x000052b4   0x00000018   Code   RO         1600    i.us_ticker_irq_handler  mbed/TARGET_KL25Z/TOOLCHAIN_ARM_STD/mbed.ar(mbed_us_ticker_api.o)
    0x000052cc   0x000052cc   0x00000020   Code   RO          459    i.us_ticker_read    mbed/TARGET_KL25Z/TOOLCHAIN_ARM_STD/us_ticker.o
    0x000052ec   0x000052ec   0x00000068   Code   RO          460    i.us_ticker_set_interrupt  mbed/TARGET_KL25Z/TOOLCHAIN_ARM_STD/us_ticker.o
    0x00005354   0x00005354   0x00000024   Code   RO         1836    i.wait_ms           mbed/TARGET_KL25Z/TOOLCHAIN_ARM_STD/mbed.ar(mbed_wait_api_no_rtos.o)
    0x00005378   0x00005378   0x0000002c   Code   RO         2638    locale$$code        C:\Keil_v5\ARM\ARMCC\Bin\..\lib\armlib\c_p.l(lc_numeric_c.o)
    0x000053a4   0x000053a4   0x0000002c   Code   RO         2708    locale$$code        C:\Keil_v5\ARM\ARMCC\Bin\..\lib\armlib\c_p.l(lc_ctype_c.o)
    0x000053d0   0x000053d0   0x0000002c   Code   RO         1890    t._ZN12SingletonPtrI13PlatformMutexEptEv  mbed/TARGET_KL25Z/TOOLCHAIN_ARM_STD/mbed.ar(FileBase.o)
    0x000053fc   0x000053fc   0x0000000a   Code   RO          556    t._ZN4mbed8CallbackIFvvEE13function_callIPS1_EEvPKv  .\build\main.o
    0x00005406   0x00005406   0x00000002   Code   RO          568    t._ZN4mbed8CallbackIFvvEE13function_dtorIPS1_EEvPv  .\build\main.o
    0x00005408   0x00005408   0x0000000e   Code   RO          562    t._ZN4mbed8CallbackIFvvEE13function_moveIPS1_EEvPvPKv  .\build\main.o
    0x00005416   0x00005416   0x00000002   PAD
    0x00005418   0x00005418   0x00000038   Code   RO          504    t._ZN4mbed8CallbackIFvvEEC1EPS1_  .\build\main.o
    0x00005450   0x00005450   0x0000001e   Code   RO          510    t._ZN4mbed8CallbackIFvvEEC1ERKS2_  .\build\main.o
    0x0000546e   0x0000546e   0x00000014   Code   RO         1510    t._ZN4mbed8CallbackIFvvEED1Ev  mbed/TARGET_KL25Z/TOOLCHAIN_ARM_STD/mbed.ar(SerialBase.o)
    0x00005482   0x00005482   0x00000002   PAD
    0x00005484   0x00005484   0x000000b0   Code   RO         2209    x$fpl$fmul          C:\Keil_v5\ARM\ARMCC\Bin\..\lib\armlib\fz_ps.l(fmul.o)
    0x00005534   0x00005534   0x00000010   Code   RO         2457    x$fpl$printf1       C:\Keil_v5\ARM\ARMCC\Bin\..\lib\armlib\fz_ps.l(printf1.o)
    0x00005544   0x00005544   0x00000010   Code   RO         2459    x$fpl$printf2       C:\Keil_v5\ARM\ARMCC\Bin\..\lib\armlib\fz_ps.l(printf2.o)
    0x00005554   0x00005554   0x00000000   Code   RO         2467    x$fpl$usenofp       C:\Keil_v5\ARM\ARMCC\Bin\..\lib\armlib\fz_ps.l(usenofp.o)
    0x00005554   0x00005554   0x00000028   Data   RO          211    .constdata          mbed/TARGET_KL25Z/TOOLCHAIN_ARM_STD/mbed_retarget.o
    0x0000557c   0x0000557c   0x0000006c   Data   RO          307    .constdata          mbed/TARGET_KL25Z/TOOLCHAIN_ARM_STD/PeripheralPins.o
    0x000055e8   0x000055e8   0x0000006c   Data   RO          308    .constdata          mbed/TARGET_KL25Z/TOOLCHAIN_ARM_STD/PeripheralPins.o
    0x00005654   0x00005654   0x0000001c   Data   RO         1602    .constdata          mbed/TARGET_KL25Z/TOOLCHAIN_ARM_STD/mbed.ar(mbed_us_ticker_api.o)
    0x00005670   0x00005670   0x00000008   Data   RO         1603    .constdata          mbed/TARGET_KL25Z/TOOLCHAIN_ARM_STD/mbed.ar(mbed_us_ticker_api.o)
    0x00005678   0x00005678   0x00000008   Data   RO         2273    .constdata          C:\Keil_v5\ARM\ARMCC\Bin\..\lib\armlib\c_p.l(_printf_wctomb.o)
    0x00005680   0x00005680   0x00000028   Data   RO         2302    .constdata          C:\Keil_v5\ARM\ARMCC\Bin\..\lib\armlib\c_p.l(_printf_hex_int_ll_ptr.o)
    0x000056a8   0x000056a8   0x00000011   Data   RO         2322    .constdata          C:\Keil_v5\ARM\ARMCC\Bin\..\lib\armlib\c_p.l(__printf_flags_ss_wp.o)
    0x000056b9   0x000056b9   0x00000026   Data   RO         2504    .constdata          C:\Keil_v5\ARM\ARMCC\Bin\..\lib\armlib\c_p.l(_printf_fp_hex.o)
    0x000056df   0x000056df   0x00000001   PAD
    0x000056e0   0x000056e0   0x00000094   Data   RO         2629    .constdata          C:\Keil_v5\ARM\ARMCC\Bin\..\lib\armlib\c_p.l(bigflt0.o)
    0x00005774   0x00005774   0x0000004c   Data   RO         1909    .constdata__ZTVN4mbed10FileHandleE  mbed/TARGET_KL25Z/TOOLCHAIN_ARM_STD/mbed.ar(FileHandle.o)
    0x000057c0   0x000057c0   0x00000018   Data   RO         1509    .constdata__ZTVN4mbed10SerialBaseE  mbed/TARGET_KL25Z/TOOLCHAIN_ARM_STD/mbed.ar(SerialBase.o)
    0x000057d8   0x000057d8   0x00000014   Data   RO         1547    .constdata__ZTVN4mbed10TimerEventE  mbed/TARGET_KL25Z/TOOLCHAIN_ARM_STD/mbed.ar(TimerEvent.o)
    0x000057ec   0x000057ec   0x0000008c   Data   RO         1380    .constdata__ZTVN4mbed6SerialE  mbed/TARGET_KL25Z/TOOLCHAIN_ARM_STD/mbed.ar(Serial.o)
    0x00005878   0x00005878   0x0000006c   Data   RO         1818    .constdata__ZTVN4mbed6StreamE  mbed/TARGET_KL25Z/TOOLCHAIN_ARM_STD/mbed.ar(Stream.o)
    0x000058e4   0x000058e4   0x00000014   Data   RO         1439    .constdata__ZTVN4mbed6TickerE  mbed/TARGET_KL25Z/TOOLCHAIN_ARM_STD/mbed.ar(Ticker.o)
    0x000058f8   0x000058f8   0x00000010   Data   RO         1889    .constdata__ZTVN4mbed8FileBaseE  mbed/TARGET_KL25Z/TOOLCHAIN_ARM_STD/mbed.ar(FileBase.o)
    0x00005908   0x00005908   0x00000014   Data   RO          282    .constdata__ZZN12SingletonPtrI13PlatformMutexE3getEvEs  mbed/TARGET_KL25Z/TOOLCHAIN_ARM_STD/mbed_retarget.o
    0x0000591c   0x0000591c   0x00000059   Data   RO          283    .constdata__ZZN12SingletonPtrI13PlatformMutexE3getEvEs_0  mbed/TARGET_KL25Z/TOOLCHAIN_ARM_STD/mbed_retarget.o
    0x00005975   0x00005975   0x00000003   PAD
    0x00005978   0x00005978   0x0000000c   Data   RO          555    .constdata__ZZN4mbed8CallbackIFvvEE8generateIPS1_EEvRKT_E3ops  .\build\main.o
    0x00005984   0x00005984   0x00000066   Data   RO           35    .conststring        mbed/TARGET_KL25Z/TOOLCHAIN_ARM_STD/gpio_api.o
    0x000059ea   0x000059ea   0x00000002   PAD
    0x000059ec   0x000059ec   0x00000079   Data   RO          108    .conststring        mbed/TARGET_KL25Z/TOOLCHAIN_ARM_STD/mbed_board.o
    0x00005a65   0x00005a65   0x00000003   PAD
    0x00005a68   0x00005a68   0x00000064   Data   RO          320    .conststring        mbed/TARGET_KL25Z/TOOLCHAIN_ARM_STD/pinmap.o
    0x00005acc   0x00005acc   0x000000c1   Data   RO          387    .conststring        mbed/TARGET_KL25Z/TOOLCHAIN_ARM_STD/serial_api.o
    0x00005b8d   0x00005b8d   0x00000003   PAD
    0x00005b90   0x00005b90   0x0000004c   Data   RO         1624    .conststring        mbed/TARGET_KL25Z/TOOLCHAIN_ARM_STD/mbed.ar(mbed_ticker_api.o)
    0x00005bdc   0x00005bdc   0x0000004f   Data   RO         1717    .conststring        mbed/TARGET_KL25Z/TOOLCHAIN_ARM_STD/mbed.ar(mbed_critical.o)
    0x00005c2b   0x00005c2b   0x00000001   PAD
    0x00005c2c   0x00005c2c   0x00000020   Data   RO         2782    Region$$Table       anon$$obj.o
    0x00005c4c   0x00005c4c   0x0000001c   Data   RO         2637    locale$$data        C:\Keil_v5\ARM\ARMCC\Bin\..\lib\armlib\c_p.l(lc_numeric_c.o)
    0x00005c68   0x00005c68   0x00000110   Data   RO         2707    locale$$data        C:\Keil_v5\ARM\ARMCC\Bin\..\lib\armlib\c_p.l(lc_ctype_c.o)
    0x00005d78   0x00005d78   0x00000004   Data   RO          481    .init_array         .\build\main.o
    0x00005d7c   0x00005d78   0x00000000   Data   RO         2074    .init_array         C:\Keil_v5\ARM\ARMCC\Bin\..\lib\armlib\c_p.l(init_aeabi.o)


    Execution Region RW_IRAM1 (Exec base: 0x1ffff0c0, Load base: 0x00005d7c, Size: 0x00000450, Max: 0x00003f40, ABSOLUTE)

    Exec Addr    Load Addr    Size         Type   Attr      Idx    E Section Name        Object

    0x1ffff0c0   0x00005d7c   0x00000010   Data   RW          215    .data               mbed/TARGET_KL25Z/TOOLCHAIN_ARM_STD/mbed_retarget.o
    0x1ffff0d0   0x00005d8c   0x00000010   Data   RW          388    .data               mbed/TARGET_KL25Z/TOOLCHAIN_ARM_STD/serial_api.o
    0x1ffff0e0   0x00005d9c   0x00000004   Data   RW          447    .data               mbed/TARGET_KL25Z/TOOLCHAIN_ARM_STD/system_MKL25Z4.o
    0x1ffff0e4   0x00005da0   0x0000000c   Data   RW          461    .data               mbed/TARGET_KL25Z/TOOLCHAIN_ARM_STD/us_ticker.o
    0x1ffff0f0   0x00005dac   0x00000015   Data   RW          480    .data               .\build\main.o
    0x1ffff105   0x00005dc1   0x00000003   PAD
    0x1ffff108   0x00005dc4   0x00000014   Data   RW         1176    .data               .\build\timer0.o
    0x1ffff11c   0x00005dd8   0x00000001   Data   RW         1280    .data               .\build\uart_poll.o
    0x1ffff11d   0x00005dd9   0x00000001   PAD
    0x1ffff11e   0x00005dda   0x00000002   Data   RW         1589    .data               mbed/TARGET_KL25Z/TOOLCHAIN_ARM_STD/mbed.ar(mbed_sleep_manager.o)
    0x1ffff120   0x00005ddc   0x00000004   Data   RW         1604    .data               mbed/TARGET_KL25Z/TOOLCHAIN_ARM_STD/mbed.ar(mbed_us_ticker_api.o)
    0x1ffff124   0x00005de0   0x00000001   Data   RW         1675    .data               mbed/TARGET_KL25Z/TOOLCHAIN_ARM_STD/mbed.ar(mbed_error.o)
    0x1ffff125   0x00005de1   0x00000003   PAD
    0x1ffff128   0x00005de4   0x00000008   Data   RW         1718    .data               mbed/TARGET_KL25Z/TOOLCHAIN_ARM_STD/mbed.ar(mbed_critical.o)
    0x1ffff130   0x00005dec   0x00000004   Data   RW         1852    .data               mbed/TARGET_KL25Z/TOOLCHAIN_ARM_STD/mbed.ar(mbed_semihost_api.o)
    0x1ffff134   0x00005df0   0x0000000c   Data   RW         1878    .data               mbed/TARGET_KL25Z/TOOLCHAIN_ARM_STD/mbed.ar(FileBase.o)
    0x1ffff140   0x00005dfc   0x00000004   Data   RW         2040    .data               C:\Keil_v5\ARM\ARMCC\Bin\..\lib\armlib\c_p.l(stdio_streams.o)
    0x1ffff144   0x00005e00   0x00000004   Data   RW         2041    .data               C:\Keil_v5\ARM\ARMCC\Bin\..\lib\armlib\c_p.l(stdio_streams.o)
    0x1ffff148   0x00005e04   0x00000004   Data   RW         2042    .data               C:\Keil_v5\ARM\ARMCC\Bin\..\lib\armlib\c_p.l(stdio_streams.o)
    0x1ffff14c   0x00005e08   0x00000004   Data   RW         2570    .data               C:\Keil_v5\ARM\ARMCC\Bin\..\lib\armlib\c_p.l(heapauxa.o)
    0x1ffff150        -       0x00000144   Zero   RW          210    .bss                mbed/TARGET_KL25Z/TOOLCHAIN_ARM_STD/mbed_retarget.o
    0x1ffff294        -       0x0000000c   Zero   RW          386    .bss                mbed/TARGET_KL25Z/TOOLCHAIN_ARM_STD/serial_api.o
    0x1ffff2a0        -       0x00000114   Zero   RW          479    .bss                .\build\main.o
    0x1ffff3b4   0x00005e0c   0x00000004   PAD
    0x1ffff3b8        -       0x00000040   Zero   RW         1601    .bss                mbed/TARGET_KL25Z/TOOLCHAIN_ARM_STD/mbed.ar(mbed_us_ticker_api.o)
    0x1ffff3f8        -       0x00000004   Zero   RW         1937    .bss                C:\Keil_v5\ARM\ARMCC\Bin\..\lib\armlib\c_p.l(rt_errno_addr.o)
    0x1ffff3fc        -       0x00000054   Zero   RW         2037    .bss                C:\Keil_v5\ARM\ARMCC\Bin\..\lib\armlib\c_p.l(stdio_streams.o)
    0x1ffff450        -       0x00000054   Zero   RW         2038    .bss                C:\Keil_v5\ARM\ARMCC\Bin\..\lib\armlib\c_p.l(stdio_streams.o)
    0x1ffff4a4        -       0x00000054   Zero   RW         2039    .bss                C:\Keil_v5\ARM\ARMCC\Bin\..\lib\armlib\c_p.l(stdio_streams.o)
    0x1ffff4f8        -       0x00000004   Zero   RW         2228    .bss                C:\Keil_v5\ARM\ARMCC\Bin\..\lib\armlib\c_p.l(rt_heap_descriptor.o)
    0x1ffff4fc        -       0x00000014   Zero   RW         2615    .bss                C:\Keil_v5\ARM\ARMCC\Bin\..\lib\armlib\c_p.l(rt_locale.o)


==============================================================================

Image component sizes


      Code (inc. data)   RO Data    RW Data    ZI Data      Debug   Object Name

         0          0        216          0          0          0   mbed/TARGET_KL25Z/TOOLCHAIN_ARM_STD/PeripheralPins.o
       158         34        102          0          0        212   mbed/TARGET_KL25Z/TOOLCHAIN_ARM_STD/gpio_api.o
      1062        394         16         21        276     135414   .\build\main.o
       364         48        121          0          0        244   mbed/TARGET_KL25Z/TOOLCHAIN_ARM_STD/mbed_board.o
        16          0          0          0          0         72   mbed/TARGET_KL25Z/TOOLCHAIN_ARM_STD/mbed_overrides.o
      1222        108        149         16        324       1004   mbed/TARGET_KL25Z/TOOLCHAIN_ARM_STD/mbed_retarget.o
        48          8          0          0          0        260   mbed/TARGET_KL25Z/TOOLCHAIN_ARM_STD/mbed_sdk_boot.o
       968        352          0          0          0       3605   .\build\monitor.o
       164         60        100          0          0        144   mbed/TARGET_KL25Z/TOOLCHAIN_ARM_STD/pinmap.o
      1436        244        193         16         12        680   mbed/TARGET_KL25Z/TOOLCHAIN_ARM_STD/serial_api.o
        44         24        192          0          0        164   mbed/TARGET_KL25Z/TOOLCHAIN_ARM_STD/startup_MKL25Z4.o
       152         32          0          4          0         60   mbed/TARGET_KL25Z/TOOLCHAIN_ARM_STD/system_MKL25Z4.o
       364         60          0         20          0       3807   .\build\timer0.o
       508         84          0          1          0       2991   .\build\uart_poll.o
       718        118          0         12          0        468   mbed/TARGET_KL25Z/TOOLCHAIN_ARM_STD/us_ticker.o

    ----------------------------------------------------------------------
      7236       1566       1132         94        616     149125   Object Totals
         0          0         32          0          0          0   (incl. Generated)
        12          0         11          4          4          0   (incl. Padding)

    ----------------------------------------------------------------------

      Code (inc. data)   RO Data    RW Data    ZI Data      Debug   Library Member Name

         8          0          0          0          0         68   C:\Keil_v5\ARM\ARMCC\Bin\..\lib\armlib\c_p.l(__main.o)
       392          6         17          0          0         76   C:\Keil_v5\ARM\ARMCC\Bin\..\lib\armlib\c_p.l(__printf_flags_ss_wp.o)
        14          0          0          0          0         60   C:\Keil_v5\ARM\ARMCC\Bin\..\lib\armlib\c_p.l(__printf_wp.o)
         0          0          0          0          0          0   C:\Keil_v5\ARM\ARMCC\Bin\..\lib\armlib\c_p.l(__rtentry.o)
        20          0          0          0          0          0   C:\Keil_v5\ARM\ARMCC\Bin\..\lib\armlib\c_p.l(__rtentry2.o)
         6          0          0          0          0          0   C:\Keil_v5\ARM\ARMCC\Bin\..\lib\armlib\c_p.l(__rtentry4.o)
        60          8          0          0          0          0   C:\Keil_v5\ARM\ARMCC\Bin\..\lib\armlib\c_p.l(__scatter.o)
        26          0          0          0          0          0   C:\Keil_v5\ARM\ARMCC\Bin\..\lib\armlib\c_p.l(__scatter_copy.o)
        28          0          0          0          0          0   C:\Keil_v5\ARM\ARMCC\Bin\..\lib\armlib\c_p.l(__scatter_zi.o)
        10          0          0          0          0          0   C:\Keil_v5\ARM\ARMCC\Bin\..\lib\armlib\c_p.l(_printf_a.o)
        10          0          0          0          0          0   C:\Keil_v5\ARM\ARMCC\Bin\..\lib\armlib\c_p.l(_printf_c.o)
        46          0          0          0          0        100   C:\Keil_v5\ARM\ARMCC\Bin\..\lib\armlib\c_p.l(_printf_char.o)
        48          6          0          0          0         88   C:\Keil_v5\ARM\ARMCC\Bin\..\lib\armlib\c_p.l(_printf_char_common.o)
        40          6          0          0          0         72   C:\Keil_v5\ARM\ARMCC\Bin\..\lib\armlib\c_p.l(_printf_char_file.o)
        38          0          0          0          0         60   C:\Keil_v5\ARM\ARMCC\Bin\..\lib\armlib\c_p.l(_printf_charcount.o)
        10          0          0          0          0          0   C:\Keil_v5\ARM\ARMCC\Bin\..\lib\armlib\c_p.l(_printf_d.o)
       108         18          0          0          0         76   C:\Keil_v5\ARM\ARMCC\Bin\..\lib\armlib\c_p.l(_printf_dec.o)
        10          0          0          0          0          0   C:\Keil_v5\ARM\ARMCC\Bin\..\lib\armlib\c_p.l(_printf_e.o)
        10          0          0          0          0          0   C:\Keil_v5\ARM\ARMCC\Bin\..\lib\armlib\c_p.l(_printf_f.o)
      1048         14          0          0          0        176   C:\Keil_v5\ARM\ARMCC\Bin\..\lib\armlib\c_p.l(_printf_fp_dec.o)
       728         10         38          0          0         84   C:\Keil_v5\ARM\ARMCC\Bin\..\lib\armlib\c_p.l(_printf_fp_hex.o)
       136         16          0          0          0         76   C:\Keil_v5\ARM\ARMCC\Bin\..\lib\armlib\c_p.l(_printf_fp_infnan.o)
        10          0          0          0          0          0   C:\Keil_v5\ARM\ARMCC\Bin\..\lib\armlib\c_p.l(_printf_g.o)
       152          4         40          0          0        148   C:\Keil_v5\ARM\ARMCC\Bin\..\lib\armlib\c_p.l(_printf_hex_int_ll_ptr.o)
        10          0          0          0          0          0   C:\Keil_v5\ARM\ARMCC\Bin\..\lib\armlib\c_p.l(_printf_i.o)
       176          0          0          0          0         84   C:\Keil_v5\ARM\ARMCC\Bin\..\lib\armlib\c_p.l(_printf_intcommon.o)
        10          0          0          0          0          0   C:\Keil_v5\ARM\ARMCC\Bin\..\lib\armlib\c_p.l(_printf_l.o)
        10          0          0          0          0          0   C:\Keil_v5\ARM\ARMCC\Bin\..\lib\armlib\c_p.l(_printf_lc.o)
        10          0          0          0          0          0   C:\Keil_v5\ARM\ARMCC\Bin\..\lib\armlib\c_p.l(_printf_ll.o)
        10          0          0          0          0          0   C:\Keil_v5\ARM\ARMCC\Bin\..\lib\armlib\c_p.l(_printf_lld.o)
        10          0          0          0          0          0   C:\Keil_v5\ARM\ARMCC\Bin\..\lib\armlib\c_p.l(_printf_lli.o)
        10          0          0          0          0          0   C:\Keil_v5\ARM\ARMCC\Bin\..\lib\armlib\c_p.l(_printf_llo.o)
        10          0          0          0          0          0   C:\Keil_v5\ARM\ARMCC\Bin\..\lib\armlib\c_p.l(_printf_llu.o)
        10          0          0          0          0          0   C:\Keil_v5\ARM\ARMCC\Bin\..\lib\armlib\c_p.l(_printf_llx.o)
       112         18          0          0          0         76   C:\Keil_v5\ARM\ARMCC\Bin\..\lib\armlib\c_p.l(_printf_longlong_dec.o)
        10          0          0          0          0          0   C:\Keil_v5\ARM\ARMCC\Bin\..\lib\armlib\c_p.l(_printf_ls.o)
        10          0          0          0          0          0   C:\Keil_v5\ARM\ARMCC\Bin\..\lib\armlib\c_p.l(_printf_n.o)
        10          0          0          0          0          0   C:\Keil_v5\ARM\ARMCC\Bin\..\lib\armlib\c_p.l(_printf_o.o)
       112         10          0          0          0        112   C:\Keil_v5\ARM\ARMCC\Bin\..\lib\armlib\c_p.l(_printf_oct_int_ll.o)
        10          0          0          0          0          0   C:\Keil_v5\ARM\ARMCC\Bin\..\lib\armlib\c_p.l(_printf_p.o)
        78          0          0          0          0        100   C:\Keil_v5\ARM\ARMCC\Bin\..\lib\armlib\c_p.l(_printf_pad.o)
         2          0          0          0          0          0   C:\Keil_v5\ARM\ARMCC\Bin\..\lib\armlib\c_p.l(_printf_percent.o)
         4          0          0          0          0          0   C:\Keil_v5\ARM\ARMCC\Bin\..\lib\armlib\c_p.l(_printf_percent_end.o)
        10          0          0          0          0          0   C:\Keil_v5\ARM\ARMCC\Bin\..\lib\armlib\c_p.l(_printf_s.o)
        82          0          0          0          0         72   C:\Keil_v5\ARM\ARMCC\Bin\..\lib\armlib\c_p.l(_printf_str.o)
        36          0          0          0          0         76   C:\Keil_v5\ARM\ARMCC\Bin\..\lib\armlib\c_p.l(_printf_truncate.o)
        10          0          0          0          0          0   C:\Keil_v5\ARM\ARMCC\Bin\..\lib\armlib\c_p.l(_printf_u.o)
        46          0          0          0          0        100   C:\Keil_v5\ARM\ARMCC\Bin\..\lib\armlib\c_p.l(_printf_wchar.o)
       188          6          8          0          0         80   C:\Keil_v5\ARM\ARMCC\Bin\..\lib\armlib\c_p.l(_printf_wctomb.o)
        10          0          0          0          0          0   C:\Keil_v5\ARM\ARMCC\Bin\..\lib\armlib\c_p.l(_printf_x.o)
        16          0          0          0          0         60   C:\Keil_v5\ARM\ARMCC\Bin\..\lib\armlib\c_p.l(_snputc.o)
        10          0          0          0          0         60   C:\Keil_v5\ARM\ARMCC\Bin\..\lib\armlib\c_p.l(_sputc.o)
        64          0          0          0          0         72   C:\Keil_v5\ARM\ARMCC\Bin\..\lib\armlib\c_p.l(_wcrtomb.o)
       488          0          0          0          0         92   C:\Keil_v5\ARM\ARMCC\Bin\..\lib\armlib\c_p.l(aeabi_sdivfast.o)
       216          6        148          0          0         80   C:\Keil_v5\ARM\ARMCC\Bin\..\lib\armlib\c_p.l(bigflt0.o)
      1456         30          0          0          0        336   C:\Keil_v5\ARM\ARMCC\Bin\..\lib\armlib\c_p.l(btod.o)
        14          0          0          0          0         68   C:\Keil_v5\ARM\ARMCC\Bin\..\lib\armlib\c_p.l(c89vfprintf.o)
        12          0          0          0          0         68   C:\Keil_v5\ARM\ARMCC\Bin\..\lib\armlib\c_p.l(defsig_exit.o)
        52          0          0          0          0         72   C:\Keil_v5\ARM\ARMCC\Bin\..\lib\armlib\c_p.l(defsig_general.o)
        48         34          0          0          0         68   C:\Keil_v5\ARM\ARMCC\Bin\..\lib\armlib\c_p.l(defsig_pvfn_inner.o)
        12          0          0          0          0         68   C:\Keil_v5\ARM\ARMCC\Bin\..\lib\armlib\c_p.l(defsig_pvfn_outer.o)
        80         58          0          0          0         68   C:\Keil_v5\ARM\ARMCC\Bin\..\lib\armlib\c_p.l(defsig_rtmem_inner.o)
        12          0          0          0          0         68   C:\Keil_v5\ARM\ARMCC\Bin\..\lib\armlib\c_p.l(defsig_rtmem_outer.o)
        52         38          0          0          0         68   C:\Keil_v5\ARM\ARMCC\Bin\..\lib\armlib\c_p.l(defsig_rtred_inner.o)
        12          0          0          0          0         68   C:\Keil_v5\ARM\ARMCC\Bin\..\lib\armlib\c_p.l(defsig_rtred_outer.o)
        76          4          0          0          0         76   C:\Keil_v5\ARM\ARMCC\Bin\..\lib\armlib\c_p.l(fclose.o)
         8          0          0          0          0         60   C:\Keil_v5\ARM\ARMCC\Bin\..\lib\armlib\c_p.l(ferror.o)
       104          4          0          0          0        100   C:\Keil_v5\ARM\ARMCC\Bin\..\lib\armlib\c_p.l(fflush.o)
       496         10          0          0          0         76   C:\Keil_v5\ARM\ARMCC\Bin\..\lib\armlib\c_p.l(flsbuf.o)
       232          8          0          0          0        108   C:\Keil_v5\ARM\ARMCC\Bin\..\lib\armlib\c_p.l(fopen.o)
        30          0          0          0          0         68   C:\Keil_v5\ARM\ARMCC\Bin\..\lib\armlib\c_p.l(fputc.o)
       244          4          0          0          0         76   C:\Keil_v5\ARM\ARMCC\Bin\..\lib\armlib\c_p.l(fseek.o)
        66          0          0          0          0         68   C:\Keil_v5\ARM\ARMCC\Bin\..\lib\armlib\c_p.l(ftell.o)
        98          0          0          0          0         72   C:\Keil_v5\ARM\ARMCC\Bin\..\lib\armlib\c_p.l(h1_alloc.o)
        52          0          0          0          0         68   C:\Keil_v5\ARM\ARMCC\Bin\..\lib\armlib\c_p.l(h1_extend.o)
        76          0          0          0          0         72   C:\Keil_v5\ARM\ARMCC\Bin\..\lib\armlib\c_p.l(h1_free.o)
        14          0          0          0          0         76   C:\Keil_v5\ARM\ARMCC\Bin\..\lib\armlib\c_p.l(h1_init.o)
        80          4          0          4          0         88   C:\Keil_v5\ARM\ARMCC\Bin\..\lib\armlib\c_p.l(heapauxa.o)
         4          0          0          0          0        120   C:\Keil_v5\ARM\ARMCC\Bin\..\lib\armlib\c_p.l(hguard.o)
         0          0          0          0          0          0   C:\Keil_v5\ARM\ARMCC\Bin\..\lib\armlib\c_p.l(indicate_semi.o)
        36         10          0          0          0         72   C:\Keil_v5\ARM\ARMCC\Bin\..\lib\armlib\c_p.l(init_aeabi.o)
       136          0          0          0          0        160   C:\Keil_v5\ARM\ARMCC\Bin\..\lib\armlib\c_p.l(init_alloc.o)
       316         44          0          0          0         96   C:\Keil_v5\ARM\ARMCC\Bin\..\lib\armlib\c_p.l(initio.o)
        44         10        272          0          0         76   C:\Keil_v5\ARM\ARMCC\Bin\..\lib\armlib\c_p.l(lc_ctype_c.o)
        44         10         28          0          0         76   C:\Keil_v5\ARM\ARMCC\Bin\..\lib\armlib\c_p.l(lc_numeric_c.o)
         2          0          0          0          0          0   C:\Keil_v5\ARM\ARMCC\Bin\..\lib\armlib\c_p.l(libinit.o)
        46          0          0          0          0          0   C:\Keil_v5\ARM\ARMCC\Bin\..\lib\armlib\c_p.l(libinit2.o)
         0          0          0          0          0          0   C:\Keil_v5\ARM\ARMCC\Bin\..\lib\armlib\c_p.l(libshutdown2.o)
        48          0          0          0          0         72   C:\Keil_v5\ARM\ARMCC\Bin\..\lib\armlib\c_p.l(llmul.o)
        32          0          0          0          0         68   C:\Keil_v5\ARM\ARMCC\Bin\..\lib\armlib\c_p.l(llshl.o)
       258          0          0          0          0         88   C:\Keil_v5\ARM\ARMCC\Bin\..\lib\armlib\c_p.l(lludiv.o)
       122          0          0          0          0         72   C:\Keil_v5\ARM\ARMCC\Bin\..\lib\armlib\c_p.l(lludiv10.o)
         0          0          0          0          0          0   C:\Keil_v5\ARM\ARMCC\Bin\..\lib\armlib\c_p.l(maybetermalloc1.o)
        16          4          0          0          0         76   C:\Keil_v5\ARM\ARMCC\Bin\..\lib\armlib\c_p.l(rt_ctype_table.o)
         8          4          0          0          4         68   C:\Keil_v5\ARM\ARMCC\Bin\..\lib\armlib\c_p.l(rt_errno_addr.o)
         8          4          0          0          4         68   C:\Keil_v5\ARM\ARMCC\Bin\..\lib\armlib\c_p.l(rt_heap_descriptor.o)
         8          4          0          0         20         68   C:\Keil_v5\ARM\ARMCC\Bin\..\lib\armlib\c_p.l(rt_locale.o)
        64          0          0          0          0        108   C:\Keil_v5\ARM\ARMCC\Bin\..\lib\armlib\c_p.l(rt_memclr.o)
        56          0          0          0          0         68   C:\Keil_v5\ARM\ARMCC\Bin\..\lib\armlib\c_p.l(rt_memcpy.o)
        40          0          0          0          0         60   C:\Keil_v5\ARM\ARMCC\Bin\..\lib\armlib\c_p.l(rtudiv10.o)
        26          0          0          0          0         68   C:\Keil_v5\ARM\ARMCC\Bin\..\lib\armlib\c_p.l(setbuf.o)
        76          4          0          0          0         72   C:\Keil_v5\ARM\ARMCC\Bin\..\lib\armlib\c_p.l(setvbuf.o)
       240          8          0          0          0        144   C:\Keil_v5\ARM\ARMCC\Bin\..\lib\armlib\c_p.l(stdio.o)
         0          0          0         12        252          0   C:\Keil_v5\ARM\ARMCC\Bin\..\lib\armlib\c_p.l(stdio_streams.o)
       160          4          0          0          0         80   C:\Keil_v5\ARM\ARMCC\Bin\..\lib\armlib\c_p.l(strcmpv6m.o)
        68          6          0          0          0         72   C:\Keil_v5\ARM\ARMCC\Bin\..\lib\armlib\c_p.l(strlen.o)
       160          6          0          0          0         76   C:\Keil_v5\ARM\ARMCC\Bin\..\lib\armlib\c_p.l(strncmp.o)
        12          4          0          0          0         60   C:\Keil_v5\ARM\ARMCC\Bin\..\lib\armlib\c_p.l(sys_exit.o)
        12          0          0          0          0         68   C:\Keil_v5\ARM\ARMCC\Bin\..\lib\armlib\c_p.l(sys_wrch.o)
         2          0          0          0          0         68   C:\Keil_v5\ARM\ARMCC\Bin\..\lib\armlib\c_p.l(use_no_semi.o)
        56          6          0          0          0         72   C:\Keil_v5\ARM\ARMCC\Bin\..\lib\armlib\c_p.l(vsnprintf.o)
        34          0          0          0          0         80   C:\Keil_v5\ARM\ARMCC\Bin\..\lib\cpplib\cpprt_p.l(aeabi_vec_ctor_nocookie_nodtor.o)
        34          0          0          0          0         76   C:\Keil_v5\ARM\ARMCC\Bin\..\lib\cpplib\cpprt_p.l(aeabi_vec_dtor_noexceptions.o)
        10          0          0          0          0         68   C:\Keil_v5\ARM\ARMCC\Bin\..\lib\cpplib\cpprt_p.l(pure_virt.o)
        74          0          0          0          0         68   C:\Keil_v5\ARM\ARMCC\Bin\..\lib\armlib\fz_ps.l(ffixul.o)
       176          4          0          0          0         80   C:\Keil_v5\ARM\ARMCC\Bin\..\lib\armlib\fz_ps.l(fmul.o)
        16          4          0          0          0         76   C:\Keil_v5\ARM\ARMCC\Bin\..\lib\armlib\fz_ps.l(printf1.o)
        16          4          0          0          0         76   C:\Keil_v5\ARM\ARMCC\Bin\..\lib\armlib\fz_ps.l(printf2.o)
         0          0          0          0          0          0   C:\Keil_v5\ARM\ARMCC\Bin\..\lib\armlib\fz_ps.l(usenofp.o)
        44          4          0          0          0         60   C:\Keil_v5\ARM\ARMCC\Bin\..\lib\armlib\m_ps.l(fpclassify.o)
       312         52         16         12          0        340   mbed/TARGET_KL25Z/TOOLCHAIN_ARM_STD/mbed.ar(FileBase.o)
        62          0         76          0          0        200   mbed/TARGET_KL25Z/TOOLCHAIN_ARM_STD/mbed.ar(FileHandle.o)
       170          0          0          0          0        392   mbed/TARGET_KL25Z/TOOLCHAIN_ARM_STD/mbed.ar(FilePath.o)
       106         26        140          0          0        444   mbed/TARGET_KL25Z/TOOLCHAIN_ARM_STD/mbed.ar(Serial.o)
       476         22         24          0          0        536   mbed/TARGET_KL25Z/TOOLCHAIN_ARM_STD/mbed.ar(SerialBase.o)
       274         58        108          0          0        664   mbed/TARGET_KL25Z/TOOLCHAIN_ARM_STD/mbed.ar(Stream.o)
       222          6         20          0          0        220   mbed/TARGET_KL25Z/TOOLCHAIN_ARM_STD/mbed.ar(Ticker.o)
       112         16         20          0          0        336   mbed/TARGET_KL25Z/TOOLCHAIN_ARM_STD/mbed.ar(TimerEvent.o)
        84         54          0          0          0         72   mbed/TARGET_KL25Z/TOOLCHAIN_ARM_STD/mbed.ar(mbed_assert.o)
       280         98         79          8          0        284   mbed/TARGET_KL25Z/TOOLCHAIN_ARM_STD/mbed.ar(mbed_critical.o)
        44          6          0          1          0         84   mbed/TARGET_KL25Z/TOOLCHAIN_ARM_STD/mbed.ar(mbed_error.o)
       194         38          0          0          0        220   mbed/TARGET_KL25Z/TOOLCHAIN_ARM_STD/mbed.ar(mbed_gpio.o)
         8          0          0          0          0         68   mbed/TARGET_KL25Z/TOOLCHAIN_ARM_STD/mbed.ar(mbed_interface.o)
       228         76          0          0          0        204   mbed/TARGET_KL25Z/TOOLCHAIN_ARM_STD/mbed.ar(mbed_pinmap_common.o)
        24          6          0          4          0        128   mbed/TARGET_KL25Z/TOOLCHAIN_ARM_STD/mbed.ar(mbed_semihost_api.o)
       180        102          0          2          0        136   mbed/TARGET_KL25Z/TOOLCHAIN_ARM_STD/mbed.ar(mbed_sleep_manager.o)
       962         26         76          0          0        692   mbed/TARGET_KL25Z/TOOLCHAIN_ARM_STD/mbed.ar(mbed_ticker_api.o)
        32         14         36          4         64        120   mbed/TARGET_KL25Z/TOOLCHAIN_ARM_STD/mbed.ar(mbed_us_ticker_api.o)
        36          0          0          0          0         72   mbed/TARGET_KL25Z/TOOLCHAIN_ARM_STD/mbed.ar(mbed_wait_api_no_rtos.o)

    ----------------------------------------------------------------------
     14416       1066       1148         50        344      12100   Library Totals
        32          0          2          3          0          0   (incl. Padding)

    ----------------------------------------------------------------------

      Code (inc. data)   RO Data    RW Data    ZI Data      Debug   Library Name

     10174        450        551         16        280       6304   C:\Keil_v5\ARM\ARMCC\Bin\..\lib\armlib\c_p.l
        78          0          0          0          0        224   C:\Keil_v5\ARM\ARMCC\Bin\..\lib\cpplib\cpprt_p.l
       282         12          0          0          0        300   C:\Keil_v5\ARM\ARMCC\Bin\..\lib\armlib\fz_ps.l
        44          4          0          0          0         60   C:\Keil_v5\ARM\ARMCC\Bin\..\lib\armlib\m_ps.l
      3806        600        595         31         64       5212   mbed/TARGET_KL25Z/TOOLCHAIN_ARM_STD/mbed.ar

    ----------------------------------------------------------------------
     14416       1066       1148         50        344      12100   Library Totals

    ----------------------------------------------------------------------

==============================================================================


      Code (inc. data)   RO Data    RW Data    ZI Data      Debug   

     21652       2632       2280        144        960     151593   Grand Totals
     21652       2632       2280        144        960     151593   ELF Image Totals
     21652       2632       2280        144          0          0   ROM Totals

==============================================================================

    Total RO  Size (Code + RO Data)                23932 (  23.37kB)
    Total RW  Size (RW Data + ZI Data)              1104 (   1.08kB)
    Total ROM Size (Code + RO Data + RW Data)      24076 (  23.51kB)

==============================================================================

